Component: Arm Compiler for Embedded 6.21 Tool: armlink [5ec1fa00]

==============================================================================

Section Cross References

    startup_stm32f051x8.o(STACK) refers (Special) to heapauxi.o(.text) for __use_two_region_memory
    startup_stm32f051x8.o(HEAP) refers (Special) to heapauxi.o(.text) for __use_two_region_memory
    startup_stm32f051x8.o(RESET) refers (Special) to heapauxi.o(.text) for __use_two_region_memory
    startup_stm32f051x8.o(RESET) refers to startup_stm32f051x8.o(STACK) for __initial_sp
    startup_stm32f051x8.o(RESET) refers to startup_stm32f051x8.o(.text) for Reset_Handler
    startup_stm32f051x8.o(RESET) refers to stm32f0xx_it.o(.text.NMI_Handler) for NMI_Handler
    startup_stm32f051x8.o(RESET) refers to stm32f0xx_it.o(.text.HardFault_Handler) for HardFault_Handler
    startup_stm32f051x8.o(RESET) refers to stm32f0xx_it.o(.text.SVC_Handler) for SVC_Handler
    startup_stm32f051x8.o(RESET) refers to stm32f0xx_it.o(.text.PendSV_Handler) for PendSV_Handler
    startup_stm32f051x8.o(RESET) refers to stm32f0xx_it.o(.text.SysTick_Handler) for SysTick_Handler
    startup_stm32f051x8.o(.text) refers (Special) to heapauxi.o(.text) for __use_two_region_memory
    startup_stm32f051x8.o(.text) refers to system_stm32f0xx.o(.text.SystemInit) for SystemInit
    startup_stm32f051x8.o(.text) refers to __main.o(!!!main) for __main
    startup_stm32f051x8.o(.text) refers to startup_stm32f051x8.o(HEAP) for Heap_Mem
    startup_stm32f051x8.o(.text) refers to startup_stm32f051x8.o(STACK) for Stack_Mem
    main.o(.text) refers (Special) to _printf_percent.o(.ARM.Collect$$_printf_percent$$00000000) for _printf_percent
    main.o(.text) refers (Special) to _printf_x.o(.ARM.Collect$$_printf_percent$$0000000C) for _printf_x
    main.o(.text) refers (Special) to _printf_hex_int.o(.text) for _printf_longlong_hex
    main.o(.text.callculateChecksum) refers (Special) to _printf_percent.o(.ARM.Collect$$_printf_percent$$00000000) for _printf_percent
    main.o(.text.callculateChecksum) refers (Special) to _printf_x.o(.ARM.Collect$$_printf_percent$$0000000C) for _printf_x
    main.o(.text.callculateChecksum) refers (Special) to _printf_hex_int.o(.text) for _printf_longlong_hex
    main.o(.ARM.exidx.text.callculateChecksum) refers (Special) to _printf_percent.o(.ARM.Collect$$_printf_percent$$00000000) for _printf_percent
    main.o(.ARM.exidx.text.callculateChecksum) refers (Special) to _printf_x.o(.ARM.Collect$$_printf_percent$$0000000C) for _printf_x
    main.o(.ARM.exidx.text.callculateChecksum) refers (Special) to _printf_hex_int.o(.text) for _printf_longlong_hex
    main.o(.ARM.exidx.text.callculateChecksum) refers to main.o(.text.callculateChecksum) for [Anonymous Symbol]
    main.o(.text.UART_Send) refers (Special) to _printf_percent.o(.ARM.Collect$$_printf_percent$$00000000) for _printf_percent
    main.o(.text.UART_Send) refers (Special) to _printf_x.o(.ARM.Collect$$_printf_percent$$0000000C) for _printf_x
    main.o(.text.UART_Send) refers (Special) to _printf_hex_int.o(.text) for _printf_longlong_hex
    main.o(.text.UART_Send) refers to stm32f0xx_hal_uart.o(.text.HAL_UART_Transmit) for HAL_UART_Transmit
    main.o(.text.UART_Send) refers to main.o(.bss.huart1) for huart1
    main.o(.ARM.exidx.text.UART_Send) refers (Special) to _printf_percent.o(.ARM.Collect$$_printf_percent$$00000000) for _printf_percent
    main.o(.ARM.exidx.text.UART_Send) refers (Special) to _printf_x.o(.ARM.Collect$$_printf_percent$$0000000C) for _printf_x
    main.o(.ARM.exidx.text.UART_Send) refers (Special) to _printf_hex_int.o(.text) for _printf_longlong_hex
    main.o(.ARM.exidx.text.UART_Send) refers to main.o(.text.UART_Send) for [Anonymous Symbol]
    main.o(.text.UART_Receive) refers (Special) to _printf_percent.o(.ARM.Collect$$_printf_percent$$00000000) for _printf_percent
    main.o(.text.UART_Receive) refers (Special) to _printf_x.o(.ARM.Collect$$_printf_percent$$0000000C) for _printf_x
    main.o(.text.UART_Receive) refers (Special) to _printf_hex_int.o(.text) for _printf_longlong_hex
    main.o(.text.UART_Receive) refers to stm32f0xx_hal_uart.o(.text.HAL_UART_Receive) for HAL_UART_Receive
    main.o(.text.UART_Receive) refers to main.o(.bss.huart1) for huart1
    main.o(.ARM.exidx.text.UART_Receive) refers (Special) to _printf_percent.o(.ARM.Collect$$_printf_percent$$00000000) for _printf_percent
    main.o(.ARM.exidx.text.UART_Receive) refers (Special) to _printf_x.o(.ARM.Collect$$_printf_percent$$0000000C) for _printf_x
    main.o(.ARM.exidx.text.UART_Receive) refers (Special) to _printf_hex_int.o(.text) for _printf_longlong_hex
    main.o(.ARM.exidx.text.UART_Receive) refers to main.o(.text.UART_Receive) for [Anonymous Symbol]
    main.o(.text._write) refers (Special) to _printf_percent.o(.ARM.Collect$$_printf_percent$$00000000) for _printf_percent
    main.o(.text._write) refers (Special) to _printf_x.o(.ARM.Collect$$_printf_percent$$0000000C) for _printf_x
[...]
    Removing stm32f0xx_hal_flash.o(.text.HAL_FLASH_IRQHandler), (348 bytes).
    Removing stm32f0xx_hal_flash.o(.ARM.exidx.text.HAL_FLASH_IRQHandler), (8 bytes).
    Removing stm32f0xx_hal_flash.o(.text.HAL_FLASH_OperationErrorCallback), (2 bytes).
    Removing stm32f0xx_hal_flash.o(.ARM.exidx.text.HAL_FLASH_OperationErrorCallback), (8 bytes).
    Removing stm32f0xx_hal_flash.o(.text.HAL_FLASH_EndOfOperationCallback), (2 bytes).
    Removing stm32f0xx_hal_flash.o(.ARM.exidx.text.HAL_FLASH_EndOfOperationCallback), (8 bytes).
    Removing stm32f0xx_hal_flash.o(.text.HAL_FLASH_Unlock), (40 bytes).
    Removing stm32f0xx_hal_flash.o(.ARM.exidx.text.HAL_FLASH_Unlock), (8 bytes).
    Removing stm32f0xx_hal_flash.o(.text.HAL_FLASH_Lock), (20 bytes).
    Removing stm32f0xx_hal_flash.o(.ARM.exidx.text.HAL_FLASH_Lock), (8 bytes).
    Removing stm32f0xx_hal_flash.o(.text.HAL_FLASH_OB_Unlock), (36 bytes).
    Removing stm32f0xx_hal_flash.o(.ARM.exidx.text.HAL_FLASH_OB_Unlock), (8 bytes).
    Removing stm32f0xx_hal_flash.o(.text.HAL_FLASH_OB_Lock), (20 bytes).
    Removing stm32f0xx_hal_flash.o(.ARM.exidx.text.HAL_FLASH_OB_Lock), (8 bytes).
    Removing stm32f0xx_hal_flash.o(.text.HAL_FLASH_OB_Launch), (152 bytes).
    Removing stm32f0xx_hal_flash.o(.ARM.exidx.text.HAL_FLASH_OB_Launch), (8 bytes).
    Removing stm32f0xx_hal_flash.o(.text.HAL_FLASH_GetError), (12 bytes).
    Removing stm32f0xx_hal_flash.o(.ARM.exidx.text.HAL_FLASH_GetError), (8 bytes).
    Removing stm32f0xx_hal_flash.o(.bss.pFlash), (32 bytes).
    Removing stm32f0xx_hal_flash_ex.o(.text), (0 bytes).
    Removing stm32f0xx_hal_flash_ex.o(.text.HAL_FLASHEx_Erase), (208 bytes).
    Removing stm32f0xx_hal_flash_ex.o(.ARM.exidx.text.HAL_FLASHEx_Erase), (8 bytes).
    Removing stm32f0xx_hal_flash_ex.o(.text.FLASH_PageErase), (36 bytes).
    Removing stm32f0xx_hal_flash_ex.o(.ARM.exidx.text.FLASH_PageErase), (8 bytes).
    Removing stm32f0xx_hal_flash_ex.o(.text.HAL_FLASHEx_Erase_IT), (112 bytes).
    Removing stm32f0xx_hal_flash_ex.o(.ARM.exidx.text.HAL_FLASHEx_Erase_IT), (8 bytes).
    Removing stm32f0xx_hal_flash_ex.o(.text.HAL_FLASHEx_OBErase), (184 bytes).
    Removing stm32f0xx_hal_flash_ex.o(.ARM.exidx.text.HAL_FLASHEx_OBErase), (8 bytes).
    Removing stm32f0xx_hal_flash_ex.o(.text.HAL_FLASHEx_OBProgram), (452 bytes).
    Removing stm32f0xx_hal_flash_ex.o(.ARM.exidx.text.HAL_FLASHEx_OBProgram), (8 bytes).
    Removing stm32f0xx_hal_flash_ex.o(.text.HAL_FLASHEx_OBGetConfig), (56 bytes).
    Removing stm32f0xx_hal_flash_ex.o(.ARM.exidx.text.HAL_FLASHEx_OBGetConfig), (8 bytes).
    Removing stm32f0xx_hal_flash_ex.o(.text.HAL_FLASHEx_OBGetUserData), (28 bytes).
    Removing stm32f0xx_hal_flash_ex.o(.ARM.exidx.text.HAL_FLASHEx_OBGetUserData), (8 bytes).
    Removing stm32f0xx_hal_exti.o(.text), (0 bytes).
    Removing stm32f0xx_hal_exti.o(.text.HAL_EXTI_SetConfigLine), (160 bytes).
    Removing stm32f0xx_hal_exti.o(.ARM.exidx.text.HAL_EXTI_SetConfigLine), (8 bytes).
    Removing stm32f0xx_hal_exti.o(.text.HAL_EXTI_GetConfigLine), (128 bytes).
    Removing stm32f0xx_hal_exti.o(.ARM.exidx.text.HAL_EXTI_GetConfigLine), (8 bytes).
    Removing stm32f0xx_hal_exti.o(.text.HAL_EXTI_ClearConfigLine), (96 bytes).
    Removing stm32f0xx_hal_exti.o(.ARM.exidx.text.HAL_EXTI_ClearConfigLine), (8 bytes).
    Removing stm32f0xx_hal_exti.o(.text.HAL_EXTI_RegisterCallback), (14 bytes).
    Removing stm32f0xx_hal_exti.o(.ARM.exidx.text.HAL_EXTI_RegisterCallback), (8 bytes).
    Removing stm32f0xx_hal_exti.o(.text.HAL_EXTI_GetHandle), (14 bytes).
    Removing stm32f0xx_hal_exti.o(.ARM.exidx.text.HAL_EXTI_GetHandle), (8 bytes).
    Removing stm32f0xx_hal_exti.o(.text.HAL_EXTI_IRQHandler), (36 bytes).
    Removing stm32f0xx_hal_exti.o(.ARM.exidx.text.HAL_EXTI_IRQHandler), (8 bytes).
    Removing stm32f0xx_hal_exti.o(.text.HAL_EXTI_GetPending), (24 bytes).
    Removing stm32f0xx_hal_exti.o(.ARM.exidx.text.HAL_EXTI_GetPending), (8 bytes).
    Removing stm32f0xx_hal_exti.o(.text.HAL_EXTI_ClearPending), (20 bytes).
    Removing stm32f0xx_hal_exti.o(.ARM.exidx.text.HAL_EXTI_ClearPending), (8 bytes).
    Removing stm32f0xx_hal_exti.o(.text.HAL_EXTI_GenerateSWI), (20 bytes).
    Removing stm32f0xx_hal_exti.o(.ARM.exidx.text.HAL_EXTI_GenerateSWI), (8 bytes).
    Removing system_stm32f0xx.o(.text), (0 bytes).
    Removing system_stm32f0xx.o(.ARM.exidx.text.SystemInit), (8 bytes).
    Removing system_stm32f0xx.o(.text.SystemCoreClockUpdate), (92 bytes).
    Removing system_stm32f0xx.o(.ARM.exidx.text.SystemCoreClockUpdate), (8 bytes).

566 unused section(s) (total 31660 bytes) removed from the image.

==============================================================================

Image Symbol Table

    Local Symbols

    Symbol Name                              Value     Ov Type        Size  Object(Section)

    ../clib/angel/boardlib.s                 0x00000000   Number         0  boardinit1.o ABSOLUTE
    ../clib/angel/boardlib.s                 0x00000000   Number         0  boardinit2.o ABSOLUTE
    ../clib/angel/boardlib.s                 0x00000000   Number         0  boardinit3.o ABSOLUTE
    ../clib/angel/boardlib.s                 0x00000000   Number         0  boardshut.o ABSOLUTE
    ../clib/angel/handlers.s                 0x00000000   Number         0  __scatter_copy.o ABSOLUTE
    ../clib/angel/handlers.s                 0x00000000   Number         0  __scatter_zi.o ABSOLUTE
    ../clib/angel/kernel.s                   0x00000000   Number         0  __rtentry.o ABSOLUTE
    ../clib/angel/kernel.s                   0x00000000   Number         0  __rtentry2.o ABSOLUTE
    ../clib/angel/kernel.s                   0x00000000   Number         0  __rtentry4.o ABSOLUTE
    ../clib/angel/kernel.s                   0x00000000   Number         0  rtexit.o ABSOLUTE
    ../clib/angel/kernel.s                   0x00000000   Number         0  rtexit2.o ABSOLUTE
    ../clib/angel/rt.s                       0x00000000   Number         0  aeabi_idiv0.o ABSOLUTE
    ../clib/angel/rt.s                       0x00000000   Number         0  aeabi_idiv0_sigfpe.o ABSOLUTE
    ../clib/angel/rt.s                       0x00000000   Number         0  rt_div0.o ABSOLUTE
    ../clib/angel/rt.s                       0x00000000   Number         0  rt_raise.o ABSOLUTE
    ../clib/angel/rt.s                       0x00000000   Number         0  rt_heap_descriptor.o ABSOLUTE
    ../clib/angel/rt.s                       0x00000000   Number         0  rt_heap_descriptor_intlibspace.o ABSOLUTE
    ../clib/angel/rt.s                       0x00000000   Number         0  rt_errno_addr.o ABSOLUTE
    ../clib/angel/rt.s                       0x00000000   Number         0  rt_errno_addr_intlibspace.o ABSOLUTE
    ../clib/angel/scatterp.s                 0x00000000   Number         0  __scatter.o ABSOLUTE
    ../clib/angel/startup.s                  0x00000000   Number         0  __main.o ABSOLUTE
    ../clib/angel/sys.s                      0x00000000   Number         0  mutex_dummy.o ABSOLUTE
    ../clib/angel/sys.s                      0x00000000   Number         0  sys_stackheap_outer.o ABSOLUTE
    ../clib/angel/sys.s                      0x00000000   Number         0  libspace.o ABSOLUTE
    ../clib/angel/sys.s                      0x00000000   Number         0  tempstk.o ABSOLUTE
    ../clib/angel/sys.s                      0x00000000   Number         0  use_no_semi.o ABSOLUTE
    ../clib/angel/sys.s                      0x00000000   Number         0  indicate_semi.o ABSOLUTE
    ../clib/angel/sysapp.c                   0x00000000   Number         0  sys_io_names.o ABSOLUTE
    ../clib/angel/sysapp.c                   0x00000000   Number         0  sys_io.o ABSOLUTE
    ../clib/angel/sysapp.c                   0x00000000   Number         0  sys_io_hlt.o ABSOLUTE
    ../clib/angel/sysapp.c                   0x00000000   Number         0  sys_exit.o ABSOLUTE
    ../clib/angel/sysapp.c                   0x00000000   Number         0  sys_exit_hlt.o ABSOLUTE
    ../clib/angel/sysapp.c                   0x00000000   Number         0  sys_wrch.o ABSOLUTE
    ../clib/angel/sysapp.c                   0x00000000   Number         0  sys_command.o ABSOLUTE
    ../clib/angel/sysapp.c                   0x00000000   Number         0  sys_wrch_hlt.o ABSOLUTE
    ../clib/angel/sysapp.c                   0x00000000   Number         0  sys_command_hlt.o ABSOLUTE
    ../clib/armsys.c                         0x00000000   Number         0  argv_veneer.o ABSOLUTE
    ../clib/armsys.c                         0x00000000   Number         0  _get_argv.o ABSOLUTE
    ../clib/armsys.c                         0x00000000   Number         0  _get_argv_nomalloc.o ABSOLUTE
    ../clib/armsys.c                         0x00000000   Number         0  no_argv.o ABSOLUTE
    ../clib/assert.c                         0x00000000   Number         0  assert_stdio.o ABSOLUTE
    ../clib/division.s                       0x00000000   Number         0  aeabi_sdivfast.o ABSOLUTE
    ../clib/division.s                       0x00000000   Number         0  aeabi_sdivfast_div0.o ABSOLUTE
    ../clib/heap1.c                          0x00000000   Number         0  h1_free.o ABSOLUTE
    ../clib/heap1.c                          0x00000000   Number         0  h1_free_threads.o ABSOLUTE
    ../clib/heap1.c                          0x00000000   Number         0  h1_alloc.o ABSOLUTE
    ../clib/heap1.c                          0x00000000   Number         0  h1_alloc_threads.o ABSOLUTE
    ../clib/heap1.c                          0x00000000   Number         0  h1_init.o ABSOLUTE
    ../clib/heap1.c                          0x00000000   Number         0  h1_extend.o ABSOLUTE
    ../clib/heap1.c                          0x00000000   Number         0  h1_init_threads.o ABSOLUTE
    ../clib/heap1.c                          0x00000000   Number         0  h1_extend_threads.o ABSOLUTE
    ../clib/heap1.c                          0x00000000   Number         0  h1_final.o ABSOLUTE
    ../clib/heap1.c                          0x00000000   Number         0  h1_final_threads.o ABSOLUTE
    ../clib/heap2.c                          0x00000000   Number         0  heap2.o ABSOLUTE
    ../clib/heap2.c                          0x00000000   Number         0  heap2_threads.o ABSOLUTE
    ../clib/heap2.c                          0x00000000   Number         0  fdtree.o ABSOLUTE
    ../clib/heapalloc.c                      0x00000000   Number         0  free.o ABSOLUTE
    ../clib/heapalloc.c                      0x00000000   Number         0  hguard.o ABSOLUTE
    ../clib/heapalloc.c                      0x00000000   Number         0  init_alloc.o ABSOLUTE
    ../clib/heapalloc.c                      0x00000000   Number         0  malloc.o ABSOLUTE
    ../clib/heapalloc.c                      0x00000000   Number         0  heapstubs.o ABSOLUTE
    ../clib/heapalloc.c                      0x00000000   Number         0  hrguard.o ABSOLUTE
    ../clib/heapalloc.c                      0x00000000   Number         0  term_alloc.o ABSOLUTE
    ../clib/heapaux.c                        0x00000000   Number         0  heapauxi.o ABSOLUTE
    ../clib/heapaux.c                        0x00000000   Number         0  heapauxa.o ABSOLUTE
    ../clib/libinit.s                        0x00000000   Number         0  libinit.o ABSOLUTE
    ../clib/libinit.s                        0x00000000   Number         0  libinit2.o ABSOLUTE
    ../clib/libinit.s                        0x00000000   Number         0  libshutdown2.o ABSOLUTE
    ../clib/libinit.s                        0x00000000   Number         0  libshutdown.o ABSOLUTE
    ../clib/longlong.c                       0x00000000   Number         0  llushr.o ABSOLUTE
    ../clib/maybe.s                          0x00000000   Number         0  maybetermalloc1.o ABSOLUTE
    ../clib/maybe.s                          0x00000000   Number         0  maybetermalloc2.o ABSOLUTE
    ../clib/memcpset.c                       0x00000000   Number         0  rt_memclr.o ABSOLUTE
    ../clib/memcpset.c                       0x00000000   Number         0  rt_memcpy.o ABSOLUTE
    ../clib/memcpset.c                       0x00000000   Number         0  rt_memcpy.o ABSOLUTE
    ../clib/printf.c                         0x00000000   Number         0  __2printf.o ABSOLUTE
    ../clib/printf.c                         0x00000000   Number         0  noretval__2printf.o ABSOLUTE
    ../clib/printf.c                         0x00000000   Number         0  __printf.o ABSOLUTE
    ../clib/printf.c                         0x00000000   Number         0  _printf_hex_ll.o ABSOLUTE
    ../clib/printf.c                         0x00000000   Number         0  _printf_hex_int.o ABSOLUTE
    ../clib/printf.c                         0x00000000   Number         0  _printf_hex_int_ll.o ABSOLUTE
    ../clib/printf.c                         0x00000000   Number         0  _printf_hex_ptr.o ABSOLUTE
    ../clib/printf.c                         0x00000000   Number         0  _printf_hex_int_ptr.o ABSOLUTE
    ../clib/printf.c                         0x00000000   Number         0  _printf_hex_ll_ptr.o ABSOLUTE
    ../clib/printf.c                         0x00000000   Number         0  _printf_hex_int_ll_ptr.o ABSOLUTE
    ../clib/printf.c                         0x00000000   Number         0  __printf_flags.o ABSOLUTE
    ../clib/printf.c                         0x00000000   Number         0  __printf_ss.o ABSOLUTE
    ../clib/printf.c                         0x00000000   Number         0  __printf_flags_ss.o ABSOLUTE
    ../clib/printf.c                         0x00000000   Number         0  __printf_wp.o ABSOLUTE
    ../clib/printf.c                         0x00000000   Number         0  __printf_flags_wp.o ABSOLUTE
    ../clib/printf.c                         0x00000000   Number         0  __printf_ss_wp.o ABSOLUTE
    ../clib/printf.c                         0x00000000   Number         0  __printf_flags_ss_wp.o ABSOLUTE
    ../clib/printf.c                         0x00000000   Number         0  _printf_intcommon.o ABSOLUTE
    ../clib/printf.c                         0x00000000   Number         0  _printf_char_file.o ABSOLUTE
    ../clib/printf.c                         0x00000000   Number         0  _printf_char_common.o ABSOLUTE
    ../clib/printf.c                         0x00000000   Number         0  __printf_nopercent.o ABSOLUTE
    ../clib/printf.c                         0x00000000   Number         0  _printf_char_file_locked.o ABSOLUTE
    ../clib/printf_percent.s                 0x00000000   Number         0  _printf_x.o ABSOLUTE
    ../clib/printf_percent.s                 0x00000000   Number         0  _printf_percent.o ABSOLUTE
    ../clib/printf_percent.s                 0x00000000   Number         0  _printf_percent_end.o ABSOLUTE
    ../clib/signal.c                         0x00000000   Number         0  defsig_fpe_outer.o ABSOLUTE
    ../clib/signal.c                         0x00000000   Number         0  defsig_fpe_formal.o ABSOLUTE
    ../clib/signal.c                         0x00000000   Number         0  defsig_rtred_outer.o ABSOLUTE
    ../clib/signal.c                         0x00000000   Number         0  defsig_rtred_formal.o ABSOLUTE
    ../clib/signal.c                         0x00000000   Number         0  defsig_exit.o ABSOLUTE
    ../clib/signal.c                         0x00000000   Number         0  defsig_fpe_inner.o ABSOLUTE
    ../clib/signal.c                         0x00000000   Number         0  defsig_rtred_inner.o ABSOLUTE
    ../clib/signal.c                         0x00000000   Number         0  __raise.o ABSOLUTE
    ../clib/signal.c                         0x00000000   Number         0  defsig_general.o ABSOLUTE
    ../clib/signal.c                         0x00000000   Number         0  defsig_rtmem_outer.o ABSOLUTE
    ../clib/signal.c                         0x00000000   Number         0  defsig_rtmem_formal.o ABSOLUTE
    ../clib/signal.c                         0x00000000   Number         0  defsig_rtmem_inner.o ABSOLUTE
    ../clib/signal.c                         0x00000000   Number         0  defsig_abrt_inner.o ABSOLUTE
    ../clib/signal.c                         0x00000000   Number         0  defsig_stak_inner.o ABSOLUTE
    ../clib/signal.c                         0x00000000   Number         0  defsig_pvfn_inner.o ABSOLUTE
    ../clib/signal.c                         0x00000000   Number         0  defsig_cppl_inner.o ABSOLUTE
    ../clib/signal.c                         0x00000000   Number         0  defsig_segv_inner.o ABSOLUTE
    ../clib/signal.c                         0x00000000   Number         0  defsig_other.o ABSOLUTE
    ../clib/signal.s                         0x00000000   Number         0  defsig.o ABSOLUTE
    ../clib/stdio.c                          0x00000000   Number         0  stdio_streams.o ABSOLUTE
    ../clib/stdio.c                          0x00000000   Number         0  ferror.o ABSOLUTE
    ../clib/stdio.c                          0x00000000   Number         0  fputc.o ABSOLUTE
    ../clib/stdio.c                          0x00000000   Number         0  initio.o ABSOLUTE
    ../clib/stdio.c                          0x00000000   Number         0  fputc_locked.o ABSOLUTE
    ../clib/stdio.c                          0x00000000   Number         0  ferror_locked.o ABSOLUTE
    ../clib/stdio.c                          0x00000000   Number         0  initio_locked.o ABSOLUTE
    ../clib/stdio.c                          0x00000000   Number         0  flsbuf.o ABSOLUTE
    ../clib/stdio.c                          0x00000000   Number         0  setvbuf.o ABSOLUTE
    ../clib/stdio.c                          0x00000000   Number         0  streamlock.o ABSOLUTE
    ../clib/stdio.c                          0x00000000   Number         0  fopen.o ABSOLUTE
    ../clib/stdio.c                          0x00000000   Number         0  fclose.o ABSOLUTE
    ../clib/stdio.c                          0x00000000   Number         0  setvbuf_locked.o ABSOLUTE
    ../clib/stdio.c                          0x00000000   Number         0  fopen_locked.o ABSOLUTE
    ../clib/stdio.c                          0x00000000   Number         0  fseek.o ABSOLUTE
    ../clib/stdio.c                          0x00000000   Number         0  stdio.o ABSOLUTE
    ../clib/stdio.c                          0x00000000   Number         0  fwritefast.o ABSOLUTE
    ../clib/stdio.c                          0x00000000   Number         0  fwritefast_locked.o ABSOLUTE
    ../clib/stdio.c                          0x00000000   Number         0  fflush.o ABSOLUTE
    ../clib/stdio.c                          0x00000000   Number         0  fputs.o ABSOLUTE
    ../clib/stdio.c                          0x00000000   Number         0  ftell.o ABSOLUTE
    ../clib/stdio.c                          0x00000000   Number         0  fputs_locked.o ABSOLUTE
    ../clib/stdio.c                          0x00000000   Number         0  fflush_locked.o ABSOLUTE
    ../clib/stdlib.c                         0x00000000   Number         0  exit.o ABSOLUTE
    ../clib/string.c                         0x00000000   Number         0  strlen.o ABSOLUTE
    ../clib/wchar.c                          0x00000000   Number         0  flsbuf_fwide.o ABSOLUTE
    ../fplib/cfplib/fpinit.c                 0x00000000   Number         0  fpinit.o ABSOLUTE
    dc.s                                     0x00000000   Number         0  dc.o ABSOLUTE
    main.c                                   0x00000000   Number         0  main.o ABSOLUTE
    startup_stm32f051x8.s                    0x00000000   Number         0  startup_stm32f051x8.o ABSOLUTE
    stm32f0xx_hal.c                          0x00000000   Number         0  stm32f0xx_hal.o ABSOLUTE
    stm32f0xx_hal_cortex.c                   0x00000000   Number         0  stm32f0xx_hal_cortex.o ABSOLUTE
    stm32f0xx_hal_dma.c                      0x00000000   Number         0  stm32f0xx_hal_dma.o ABSOLUTE
    stm32f0xx_hal_exti.c                     0x00000000   Number         0  stm32f0xx_hal_exti.o ABSOLUTE
    stm32f0xx_hal_flash.c                    0x00000000   Number         0  stm32f0xx_hal_flash.o ABSOLUTE
    stm32f0xx_hal_flash_ex.c                 0x00000000   Number         0  stm32f0xx_hal_flash_ex.o ABSOLUTE
    stm32f0xx_hal_gpio.c                     0x00000000   Number         0  stm32f0xx_hal_gpio.o ABSOLUTE
    stm32f0xx_hal_i2c.c                      0x00000000   Number         0  stm32f0xx_hal_i2c.o ABSOLUTE
    stm32f0xx_hal_i2c_ex.c                   0x00000000   Number         0  stm32f0xx_hal_i2c_ex.o ABSOLUTE
    stm32f0xx_hal_msp.c                      0x00000000   Number         0  stm32f0xx_hal_msp.o ABSOLUTE
    stm32f0xx_hal_pwr.c                      0x00000000   Number         0  stm32f0xx_hal_pwr.o ABSOLUTE
    stm32f0xx_hal_pwr_ex.c                   0x00000000   Number         0  stm32f0xx_hal_pwr_ex.o ABSOLUTE
    stm32f0xx_hal_rcc.c                      0x00000000   Number         0  stm32f0xx_hal_rcc.o ABSOLUTE
    stm32f0xx_hal_rcc_ex.c                   0x00000000   Number         0  stm32f0xx_hal_rcc_ex.o ABSOLUTE
    stm32f0xx_hal_tim.c                      0x00000000   Number         0  stm32f0xx_hal_tim.o ABSOLUTE
    stm32f0xx_hal_tim_ex.c                   0x00000000   Number         0  stm32f0xx_hal_tim_ex.o ABSOLUTE
    stm32f0xx_hal_uart.c                     0x00000000   Number         0  stm32f0xx_hal_uart.o ABSOLUTE
    stm32f0xx_hal_uart_ex.c                  0x00000000   Number         0  stm32f0xx_hal_uart_ex.o ABSOLUTE
    stm32f0xx_it.c                           0x00000000   Number         0  stm32f0xx_it.o ABSOLUTE
    system_stm32f0xx.c                       0x00000000   Number         0  system_stm32f0xx.o ABSOLUTE
    RESET                                    0x08000000   Section      188  startup_stm32f051x8.o(RESET)
    !!!main                                  0x080000bc   Section        8  __main.o(!!!main)
    !!!scatter                               0x080000c4   Section       84  __scatter.o(!!!scatter)
    !!handler_copy                           0x08000118   Section       26  __scatter_copy.o(!!handler_copy)
    !!handler_null                           0x08000134   Section        2  __scatter.o(!!handler_null)
    !!handler_zi                             0x08000138   Section       28  __scatter_zi.o(!!handler_zi)
    .ARM.Collect$$_printf_percent$$00000000  0x08000154   Section        2  _printf_percent.o(.ARM.Collect$$_printf_percent$$00000000)
    .ARM.Collect$$_printf_percent$$0000000C  0x08000156   Section       10  _printf_x.o(.ARM.Collect$$_printf_percent$$0000000C)
    .ARM.Collect$$_printf_percent$$00000017  0x08000160   Section        4  _printf_percent_end.o(.ARM.Collect$$_printf_percent$$00000017)
    .ARM.Collect$$libinit$$00000000          0x08000164   Section        2  libinit.o(.ARM.Collect$$libinit$$00000000)
    .ARM.Collect$$libinit$$00000002          0x08000166   Section        0  libinit2.o(.ARM.Collect$$libinit$$00000002)
    .ARM.Collect$$libinit$$00000004          0x08000166   Section        0  libinit2.o(.ARM.Collect$$libinit$$00000004)
    .ARM.Collect$$libinit$$00000006          0x08000166   Section        0  libinit2.o(.ARM.Collect$$libinit$$00000006)
    .ARM.Collect$$libinit$$00000007          0x08000166   Section        8  libinit2.o(.ARM.Collect$$libinit$$00000007)
    .ARM.Collect$$libinit$$0000000C          0x0800016e   Section        0  libinit2.o(.ARM.Collect$$libinit$$0000000C)
    .ARM.Collect$$libinit$$0000000E          0x0800016e   Section        0  libinit2.o(.ARM.Collect$$libinit$$0000000E)
    .ARM.Collect$$libinit$$00000010          0x0800016e   Section        0  libinit2.o(.ARM.Collect$$libinit$$00000010)
    .ARM.Collect$$libinit$$00000013          0x0800016e   Section        0  libinit2.o(.ARM.Collect$$libinit$$00000013)
    .ARM.Collect$$libinit$$00000015          0x0800016e   Section        0  libinit2.o(.ARM.Collect$$libinit$$00000015)
    .ARM.Collect$$libinit$$00000017          0x0800016e   Section        0  libinit2.o(.ARM.Collect$$libinit$$00000017)
    .ARM.Collect$$libinit$$00000019          0x0800016e   Section        0  libinit2.o(.ARM.Collect$$libinit$$00000019)
    .ARM.Collect$$libinit$$0000001B          0x0800016e   Section        0  libinit2.o(.ARM.Collect$$libinit$$0000001B)
    .ARM.Collect$$libinit$$0000001D          0x0800016e   Section        0  libinit2.o(.ARM.Collect$$libinit$$0000001D)
    .ARM.Collect$$libinit$$0000001F          0x0800016e   Section        0  libinit2.o(.ARM.Collect$$libinit$$0000001F)
    .ARM.Collect$$libinit$$00000021          0x0800016e   Section        0  libinit2.o(.ARM.Collect$$libinit$$00000021)
    .ARM.Collect$$libinit$$00000023          0x0800016e   Section        0  libinit2.o(.ARM.Collect$$libinit$$00000023)
    .ARM.Collect$$libinit$$00000025          0x0800016e   Section        0  libinit2.o(.ARM.Collect$$libinit$$00000025)
    .ARM.Collect$$libinit$$00000026          0x0800016e   Section        4  libinit2.o(.ARM.Collect$$libinit$$00000026)
    .ARM.Collect$$libinit$$00000027          0x08000172   Section        0  libinit2.o(.ARM.Collect$$libinit$$00000027)
    .ARM.Collect$$libinit$$0000002E          0x08000172   Section        0  libinit2.o(.ARM.Collect$$libinit$$0000002E)
    .ARM.Collect$$libinit$$00000030          0x08000172   Section        0  libinit2.o(.ARM.Collect$$libinit$$00000030)
    .ARM.Collect$$libinit$$00000032          0x08000172   Section        0  libinit2.o(.ARM.Collect$$libinit$$00000032)
    .ARM.Collect$$libinit$$00000034          0x08000172   Section        0  libinit2.o(.ARM.Collect$$libinit$$00000034)
    .ARM.Collect$$libinit$$00000035          0x08000172   Section        2  libinit2.o(.ARM.Collect$$libinit$$00000035)
    .ARM.Collect$$libshutdown$$00000000      0x08000174   Section        2  libshutdown.o(.ARM.Collect$$libshutdown$$00000000)
    .ARM.Collect$$libshutdown$$00000002      0x08000176   Section        0  libshutdown2.o(.ARM.Collect$$libshutdown$$00000002)
    .ARM.Collect$$libshutdown$$00000003      0x08000176   Section        4  libshutdown2.o(.ARM.Collect$$libshutdown$$00000003)
    .ARM.Collect$$libshutdown$$00000004      0x0800017a   Section        0  libshutdown2.o(.ARM.Collect$$libshutdown$$00000004)
    .ARM.Collect$$libshutdown$$00000007      0x0800017a   Section        0  libshutdown2.o(.ARM.Collect$$libshutdown$$00000007)
    .ARM.Collect$$libshutdown$$0000000A      0x0800017a   Section        0  libshutdown2.o(.ARM.Collect$$libshutdown$$0000000A)
    .ARM.Collect$$libshutdown$$0000000C      0x0800017a   Section        0  libshutdown2.o(.ARM.Collect$$libshutdown$$0000000C)
    .ARM.Collect$$libshutdown$$0000000F      0x0800017a   Section        0  libshutdown2.o(.ARM.Collect$$libshutdown$$0000000F)
    .ARM.Collect$$libshutdown$$00000010      0x0800017a   Section        2  libshutdown2.o(.ARM.Collect$$libshutdown$$00000010)
    .ARM.Collect$$rtentry$$00000000          0x0800017c   Section        0  __rtentry.o(.ARM.Collect$$rtentry$$00000000)
    .ARM.Collect$$rtentry$$00000002          0x0800017c   Section        0  __rtentry2.o(.ARM.Collect$$rtentry$$00000002)
    .ARM.Collect$$rtentry$$00000004          0x0800017c   Section        6  __rtentry4.o(.ARM.Collect$$rtentry$$00000004)
    .ARM.Collect$$rtentry$$00000009          0x08000182   Section        0  __rtentry2.o(.ARM.Collect$$rtentry$$00000009)
    .ARM.Collect$$rtentry$$0000000A          0x08000182   Section        4  __rtentry2.o(.ARM.Collect$$rtentry$$0000000A)
    .ARM.Collect$$rtentry$$0000000C          0x08000186   Section        0  __rtentry2.o(.ARM.Collect$$rtentry$$0000000C)
    .ARM.Collect$$rtentry$$0000000D          0x08000186   Section        8  __rtentry2.o(.ARM.Collect$$rtentry$$0000000D)
    .ARM.Collect$$rtexit$$00000000           0x0800018e   Section        2  rtexit.o(.ARM.Collect$$rtexit$$00000000)
    .ARM.Collect$$rtexit$$00000002           0x08000190   Section        0  rtexit2.o(.ARM.Collect$$rtexit$$00000002)
    .ARM.Collect$$rtexit$$00000003           0x08000190   Section        4  rtexit2.o(.ARM.Collect$$rtexit$$00000003)
    .ARM.Collect$$rtexit$$00000004           0x08000194   Section        6  rtexit2.o(.ARM.Collect$$rtexit$$00000004)
    .text                                    0x0800019c   Section       56  startup_stm32f051x8.o(.text)
    .text                                    0x080001d4   Section        0  noretval__2printf.o(.text)
    .text                                    0x080001f0   Section        0  __printf.o(.text)
    .text                                    0x0800025c   Section        0  _printf_hex_int.o(.text)
    .text                                    0x080002b4   Section        0  rt_memclr.o(.text)
    .text                                    0x080002f4   Section        0  heapauxi.o(.text)
    .text                                    0x080002fa   Section        0  _printf_intcommon.o(.text)
    .text                                    0x080003ac   Section        0  _printf_char_file.o(.text)
    _printf_input_char                       0x080003d5   Thumb Code    10  _printf_char_common.o(.text)
    .text                                    0x080003d4   Section        0  _printf_char_common.o(.text)
    .text                                    0x08000404   Section        0  ferror.o(.text)
    .text                                    0x0800040c   Section        0  initio.o(.text)
    .text                                    0x08000548   Section       62  sys_stackheap_outer.o(.text)
    .text                                    0x08000586   Section        0  h1_free.o(.text)
    .text                                    0x080005d4   Section        0  flsbuf.o(.text)
    .text                                    0x080007c8   Section        0  setvbuf.o(.text)
    _freopen_locked                          0x08000815   Thumb Code     0  fopen.o(.text)
    .text                                    0x08000814   Section        0  fopen.o(.text)
    .text                                    0x08000904   Section        0  fclose.o(.text)
    .text                                    0x0800094c   Section        0  exit.o(.text)
    .text                                    0x0800095c   Section        0  defsig_rtred_outer.o(.text)
    .text                                    0x08000968   Section        0  sys_io.o(.text)
    .text                                    0x080009d0   Section        8  libspace.o(.text)
    .text                                    0x080009d8   Section        8  rt_heap_descriptor_intlibspace.o(.text)
    .text                                    0x080009e0   Section        0  hguard.o(.text)
    .text                                    0x080009e4   Section        0  init_alloc.o(.text)
    .text                                    0x08000a6c   Section        0  h1_alloc.o(.text)
    .text                                    0x08000ad0   Section        0  fseek.o(.text)
    .text                                    0x08000bc4   Section        0  stdio.o(.text)
    .text                                    0x08000cd0   Section        0  defsig_exit.o(.text)
    .text                                    0x08000cdc   Section        0  defsig_rtred_inner.o(.text)
    .text                                    0x08000d10   Section        0  sys_exit.o(.text)
    .text                                    0x08000d1c   Section        2  use_no_semi.o(.text)
    .text                                    0x08000d1e   Section        0  indicate_semi.o(.text)
    .text                                    0x08000d1e   Section        0  maybetermalloc1.o(.text)
    .text                                    0x08000d1e   Section        0  h1_init.o(.text)
    .text                                    0x08000d2a   Section        0  h1_extend.o(.text)
    .text                                    0x08000d5e   Section        0  ftell.o(.text)
    .text                                    0x08000da0   Section        0  defsig_general.o(.text)
    .text                                    0x08000dd4   Section        0  defsig_rtmem_outer.o(.text)
    .text                                    0x08000de0   Section        0  strlen.o(.text)
    .text                                    0x08000e24   Section        0  sys_wrch.o(.text)
    .text                                    0x08000e30   Section        8  rt_errno_addr_intlibspace.o(.text)
    .text                                    0x08000e38   Section        0  defsig_rtmem_inner.o(.text)
    [Anonymous Symbol]                       0x08000e88   Section        0  stm32f0xx_hal_gpio.o(.text.HAL_GPIO_Init)
    __arm_cp.0_0                             0x08001030   Number         4  stm32f0xx_hal_gpio.o(.text.HAL_GPIO_Init)
    __arm_cp.0_1                             0x08001034   Number         4  stm32f0xx_hal_gpio.o(.text.HAL_GPIO_Init)
    __arm_cp.0_3                             0x08001038   Number         4  stm32f0xx_hal_gpio.o(.text.HAL_GPIO_Init)
    __arm_cp.0_4                             0x0800103c   Number         4  stm32f0xx_hal_gpio.o(.text.HAL_GPIO_Init)
    __arm_cp.0_5                             0x08001040   Number         4  stm32f0xx_hal_gpio.o(.text.HAL_GPIO_Init)
    [Anonymous Symbol]                       0x08001044   Section        0  stm32f0xx_hal_gpio.o(.text.HAL_GPIO_WritePin)
    [Anonymous Symbol]                       0x08001054   Section        0  stm32f0xx_hal.o(.text.HAL_GetTick)
    [Anonymous Symbol]                       0x0800105c   Section        0  stm32f0xx_hal.o(.text.HAL_IncTick)
    __arm_cp.5_1                             0x0800106c   Number         4  stm32f0xx_hal.o(.text.HAL_IncTick)
    [Anonymous Symbol]                       0x08001070   Section        0  stm32f0xx_hal.o(.text.HAL_Init)
    [Anonymous Symbol]                       0x0800108c   Section        0  stm32f0xx_hal.o(.text.HAL_InitTick)
    __arm_cp.1_0                             0x080010c8   Number         4  stm32f0xx_hal.o(.text.HAL_InitTick)
    [Anonymous Symbol]                       0x080010cc   Section        0  stm32f0xx_hal_msp.o(.text.HAL_MspInit)
    __arm_cp.0_0                             0x080010f4   Number         4  stm32f0xx_hal_msp.o(.text.HAL_MspInit)
    [Anonymous Symbol]                       0x080010f8   Section        0  stm32f0xx_hal_cortex.o(.text.HAL_NVIC_SetPriority)
    __arm_cp.0_0                             0x08001128   Number         4  stm32f0xx_hal_cortex.o(.text.HAL_NVIC_SetPriority)
    __arm_cp.0_1                             0x0800112c   Number         4  stm32f0xx_hal_cortex.o(.text.HAL_NVIC_SetPriority)
    [Anonymous Symbol]                       0x08001130   Section        0  stm32f0xx_hal_rcc_ex.o(.text.HAL_RCCEx_PeriphCLKConfig)
    __arm_cp.0_0                             0x08001240   Number         4  stm32f0xx_hal_rcc_ex.o(.text.HAL_RCCEx_PeriphCLKConfig)
    __arm_cp.0_1                             0x08001244   Number         4  stm32f0xx_hal_rcc_ex.o(.text.HAL_RCCEx_PeriphCLKConfig)
    __arm_cp.0_2                             0x08001248   Number         4  stm32f0xx_hal_rcc_ex.o(.text.HAL_RCCEx_PeriphCLKConfig)
    [Anonymous Symbol]                       0x0800124c   Section        0  stm32f0xx_hal_rcc.o(.text.HAL_RCC_ClockConfig)
    __arm_cp.2_0                             0x08001384   Number         4  stm32f0xx_hal_rcc.o(.text.HAL_RCC_ClockConfig)
    __arm_cp.2_2                             0x08001388   Number         4  stm32f0xx_hal_rcc.o(.text.HAL_RCC_ClockConfig)
    __arm_cp.2_7                             0x0800138c   Number         4  stm32f0xx_hal_rcc.o(.text.HAL_RCC_ClockConfig)
    [Anonymous Symbol]                       0x08001390   Section        0  stm32f0xx_hal_rcc.o(.text.HAL_RCC_GetPCLK1Freq)
    __arm_cp.8_0                             0x080013a4   Number         4  stm32f0xx_hal_rcc.o(.text.HAL_RCC_GetPCLK1Freq)
    __arm_cp.8_2                             0x080013a8   Number         4  stm32f0xx_hal_rcc.o(.text.HAL_RCC_GetPCLK1Freq)
    [Anonymous Symbol]                       0x080013ac   Section        0  stm32f0xx_hal_rcc.o(.text.HAL_RCC_GetSysClockFreq)
    __arm_cp.3_0                             0x080013e4   Number         4  stm32f0xx_hal_rcc.o(.text.HAL_RCC_GetSysClockFreq)
    __arm_cp.3_1                             0x080013e8   Number         4  stm32f0xx_hal_rcc.o(.text.HAL_RCC_GetSysClockFreq)
    __arm_cp.3_2                             0x080013ec   Number         4  stm32f0xx_hal_rcc.o(.text.HAL_RCC_GetSysClockFreq)
    __arm_cp.3_3                             0x080013f0   Number         4  stm32f0xx_hal_rcc.o(.text.HAL_RCC_GetSysClockFreq)
    __arm_cp.3_4                             0x080013f4   Number         4  stm32f0xx_hal_rcc.o(.text.HAL_RCC_GetSysClockFreq)
    [Anonymous Symbol]                       0x080013f8   Section        0  stm32f0xx_hal_rcc.o(.text.HAL_RCC_OscConfig)
    __arm_cp.1_0                             0x080017e0   Number         4  stm32f0xx_hal_rcc.o(.text.HAL_RCC_OscConfig)
    __arm_cp.1_1                             0x080017e4   Number         4  stm32f0xx_hal_rcc.o(.text.HAL_RCC_OscConfig)
    __arm_cp.1_2                             0x080017e8   Number         4  stm32f0xx_hal_rcc.o(.text.HAL_RCC_OscConfig)
    [Anonymous Symbol]                       0x080017ec   Section        0  stm32f0xx_hal_cortex.o(.text.HAL_SYSTICK_Config)
    __arm_cp.4_0                             0x08001814   Number         4  stm32f0xx_hal_cortex.o(.text.HAL_SYSTICK_Config)
    __arm_cp.4_1                             0x08001818   Number         4  stm32f0xx_hal_cortex.o(.text.HAL_SYSTICK_Config)
    __arm_cp.4_2                             0x0800181c   Number         4  stm32f0xx_hal_cortex.o(.text.HAL_SYSTICK_Config)
    [Anonymous Symbol]                       0x08001820   Section        0  stm32f0xx_hal_uart.o(.text.HAL_UART_Init)
    [Anonymous Symbol]                       0x08001890   Section        0  stm32f0xx_hal_msp.o(.text.HAL_UART_MspInit)
    __arm_cp.1_1                             0x080018e4   Number         4  stm32f0xx_hal_msp.o(.text.HAL_UART_MspInit)
    [Anonymous Symbol]                       0x080018e8   Section        0  stm32f0xx_it.o(.text.HardFault_Handler)
    [Anonymous Symbol]                       0x080018ea   Section        0  stm32f0xx_it.o(.text.NMI_Handler)
    [Anonymous Symbol]                       0x080018ec   Section        0  stm32f0xx_it.o(.text.PendSV_Handler)
    [Anonymous Symbol]                       0x080018ee   Section        0  stm32f0xx_it.o(.text.SVC_Handler)
    [Anonymous Symbol]                       0x080018f0   Section        0  stm32f0xx_it.o(.text.SysTick_Handler)
    [Anonymous Symbol]                       0x080018f8   Section        0  system_stm32f0xx.o(.text.SystemInit)
    [Anonymous Symbol]                       0x080018fa   Section        0  stm32f0xx_hal_uart.o(.text.UART_AdvFeatureConfig)
    [Anonymous Symbol]                       0x080019cc   Section        0  stm32f0xx_hal_uart.o(.text.UART_CheckIdleState)
    __arm_cp.4_0                             0x08001a8c   Number         4  stm32f0xx_hal_uart.o(.text.UART_CheckIdleState)
    [Anonymous Symbol]                       0x08001a90   Section        0  stm32f0xx_hal_uart.o(.text.UART_SetConfig)
    __arm_cp.2_0                             0x08001b94   Number         4  stm32f0xx_hal_uart.o(.text.UART_SetConfig)
    __arm_cp.2_1                             0x08001b98   Number         4  stm32f0xx_hal_uart.o(.text.UART_SetConfig)
    __arm_cp.2_2                             0x08001b9c   Number         4  stm32f0xx_hal_uart.o(.text.UART_SetConfig)
    __arm_cp.2_3                             0x08001ba0   Number         4  stm32f0xx_hal_uart.o(.text.UART_SetConfig)
    __arm_cp.2_5                             0x08001bb4   Number         4  stm32f0xx_hal_uart.o(.text.UART_SetConfig)
    __arm_cp.2_6                             0x08001bb8   Number         4  stm32f0xx_hal_uart.o(.text.UART_SetConfig)
    [Anonymous Symbol]                       0x08001bbc   Section        0  stm32f0xx_hal_uart.o(.text.UART_WaitOnFlagUntilTimeout)
    [Anonymous Symbol]                       0x08001d60   Section        0  main.o(.text.main)
    __arm_cp.4_0                             0x08001e4c   Number         4  main.o(.text.main)
    __arm_cp.4_1                             0x08001e50   Number         4  main.o(.text.main)
    __arm_cp.4_2                             0x08001e54   Number         4  main.o(.text.main)
    __arm_cp.4_3                             0x08001e58   Number         4  main.o(.text.main)
    .text_divfast                            0x08001e6c   Section      502  aeabi_sdivfast.o(.text_divfast)
    i.fputc                                  0x08002062   Section        0  fputc.o(i.fputc)
    uc_hextab                                0x08002082   Data          20  _printf_hex_int.o(.constdata)
    .constdata                               0x08002082   Section       40  _printf_hex_int.o(.constdata)
    lc_hextab                                0x08002096   Data          20  _printf_hex_int.o(.constdata)
    .constdata                               0x080020aa   Section        4  sys_io_names.o(.constdata)
    .constdata                               0x080020ae   Section        4  sys_io_names.o(.constdata)
    .constdata                               0x080020b2   Section        4  sys_io_names.o(.constdata)
    HAL_RCC_GetSysClockFreq.aPLLMULFactorTable 0x080020ce   Data          16  stm32f0xx_hal_rcc.o(.rodata.cst16)
    [Anonymous Symbol]                       0x080020ce   Section        0  stm32f0xx_hal_rcc.o(.rodata.cst16)
    HAL_RCC_GetSysClockFreq.aPredivFactorTable 0x080020de   Data          16  stm32f0xx_hal_rcc.o(.rodata.cst16)
    .data                                    0x20000000   Section        4  stdio_streams.o(.data)
    .data                                    0x20000004   Section        4  stdio_streams.o(.data)
    .data                                    0x20000008   Section        4  stdio_streams.o(.data)
    [Anonymous Symbol]                       0x2000000c   Section        0  stm32f0xx_hal.o(.data..L_MergedGlobals)
    .bss                                     0x20000018   Section       84  stdio_streams.o(.bss)
    .bss                                     0x2000006c   Section       84  stdio_streams.o(.bss)
    .bss                                     0x200000c0   Section       84  stdio_streams.o(.bss)
    .bss                                     0x20000114   Section       96  libspace.o(.bss)
    Heap_Mem                                 0x20000200   Data         512  startup_stm32f051x8.o(HEAP)
    HEAP                                     0x20000200   Section      512  startup_stm32f051x8.o(HEAP)
    Stack_Mem                                0x20000400   Data        1024  startup_stm32f051x8.o(STACK)
    STACK                                    0x20000400   Section     1024  startup_stm32f051x8.o(STACK)
    __initial_sp                             0x20000800   Data           0  startup_stm32f051x8.o(STACK)

    Global Symbols

    Symbol Name                              Value     Ov Type        Size  Object(Section)

    BuildAttributes$$THM_ISAv3M$S$PE$A:L22$X:L11$S22$IEEE1$IW$~IW$USESV6$~STKCKD$USESV7$~SHL$OTIME$ROPI$EBA8$UX$STANDARDLIB$REQ8$PRES8$EABIv2 0x00000000   Number         0  anon$$obj.o ABSOLUTE
    __ARM_exceptions_init                     - Undefined Weak Reference
    __alloca_initialize                       - Undefined Weak Reference
    __arm_preinit_                            - Undefined Weak Reference
    __arm_relocate_pie_                       - Undefined Weak Reference
    __cpp_initialize__aeabi_                  - Undefined Weak Reference
    __cxa_finalize                            - Undefined Weak Reference
    __rt_locale                               - Undefined Weak Reference
    __sigvec_lookup                           - Undefined Weak Reference
    __user_heap_extent                        - Undefined Weak Reference
    _atexit_init                              - Undefined Weak Reference
    _call_atexit_fns                          - Undefined Weak Reference
    _clock_init                               - Undefined Weak Reference
    _fp_trap_init                             - Undefined Weak Reference
    _fp_trap_shutdown                         - Undefined Weak Reference
    _get_lc_collate                           - Undefined Weak Reference
    _get_lc_ctype                             - Undefined Weak Reference
    _get_lc_monetary                          - Undefined Weak Reference
    _get_lc_numeric                           - Undefined Weak Reference
    _get_lc_time                              - Undefined Weak Reference
    _getenv_init                              - Undefined Weak Reference
    _handle_redirection                       - Undefined Weak Reference
    _mutex_acquire                            - Undefined Weak Reference
    _mutex_free                               - Undefined Weak Reference
    _mutex_release                            - Undefined Weak Reference
    _printf_post_padding                      - Undefined Weak Reference
    _printf_pre_padding                       - Undefined Weak Reference
    _printf_truncate_unsigned                 - Undefined Weak Reference
    _rand_init                                - Undefined Weak Reference
    _signal_finish                            - Undefined Weak Reference
    _signal_init                              - Undefined Weak Reference
    __Vectors_Size                           0x000000bc   Number         0  startup_stm32f051x8.o ABSOLUTE
    __Vectors                                0x08000000   Data           4  startup_stm32f051x8.o(RESET)
    __Vectors_End                            0x080000bc   Data           0  startup_stm32f051x8.o(RESET)
    __main                                   0x080000bd   Thumb Code     8  __main.o(!!!main)
    __scatterload                            0x080000c5   Thumb Code     0  __scatter.o(!!!scatter)
    __scatterload_rt2                        0x080000c5   Thumb Code    74  __scatter.o(!!!scatter)
    __scatterload_rt2_thumb_only             0x080000c5   Thumb Code     0  __scatter.o(!!!scatter)
    __scatterload_loop                       0x080000cf   Thumb Code     0  __scatter.o(!!!scatter)
    __scatterload_copy                       0x08000119   Thumb Code    26  __scatter_copy.o(!!handler_copy)
    __scatterload_null                       0x08000135   Thumb Code     2  __scatter.o(!!handler_null)
    __scatterload_zeroinit                   0x08000139   Thumb Code    28  __scatter_zi.o(!!handler_zi)
    _printf_percent                          0x08000155   Thumb Code     0  _printf_percent.o(.ARM.Collect$$_printf_percent$$00000000)
    _printf_x                                0x08000157   Thumb Code     0  _printf_x.o(.ARM.Collect$$_printf_percent$$0000000C)
    _printf_percent_end                      0x08000161   Thumb Code     0  _printf_percent_end.o(.ARM.Collect$$_printf_percent$$00000017)
    __rt_lib_init                            0x08000165   Thumb Code     0  libinit.o(.ARM.Collect$$libinit$$00000000)
    __rt_lib_init_fp_1                       0x08000167   Thumb Code     0  libinit2.o(.ARM.Collect$$libinit$$00000002)
    __rt_lib_init_heap_2                     0x08000167   Thumb Code     0  libinit2.o(.ARM.Collect$$libinit$$00000007)
    __rt_lib_init_preinit_1                  0x08000167   Thumb Code     0  libinit2.o(.ARM.Collect$$libinit$$00000006)
    __rt_lib_init_relocate_pie_1             0x08000167   Thumb Code     0  libinit2.o(.ARM.Collect$$libinit$$00000004)
    __rt_lib_init_atexit_1                   0x0800016f   Thumb Code     0  libinit2.o(.ARM.Collect$$libinit$$0000001D)
    __rt_lib_init_clock_1                    0x0800016f   Thumb Code     0  libinit2.o(.ARM.Collect$$libinit$$00000023)
    __rt_lib_init_fp_trap_1                  0x0800016f   Thumb Code     0  libinit2.o(.ARM.Collect$$libinit$$00000021)
    __rt_lib_init_getenv_1                   0x0800016f   Thumb Code     0  libinit2.o(.ARM.Collect$$libinit$$00000025)
    __rt_lib_init_heap_1                     0x0800016f   Thumb Code     0  libinit2.o(.ARM.Collect$$libinit$$0000000C)
    __rt_lib_init_lc_collate_1               0x0800016f   Thumb Code     0  libinit2.o(.ARM.Collect$$libinit$$00000013)
    __rt_lib_init_lc_ctype_1                 0x0800016f   Thumb Code     0  libinit2.o(.ARM.Collect$$libinit$$00000015)
    __rt_lib_init_lc_monetary_1              0x0800016f   Thumb Code     0  libinit2.o(.ARM.Collect$$libinit$$00000017)
    __rt_lib_init_lc_numeric_1               0x0800016f   Thumb Code     0  libinit2.o(.ARM.Collect$$libinit$$00000019)
    __rt_lib_init_lc_time_1                  0x0800016f   Thumb Code     0  libinit2.o(.ARM.Collect$$libinit$$0000001B)
    __rt_lib_init_rand_1                     0x0800016f   Thumb Code     0  libinit2.o(.ARM.Collect$$libinit$$00000010)
    __rt_lib_init_signal_1                   0x0800016f   Thumb Code     0  libinit2.o(.ARM.Collect$$libinit$$0000001F)
    __rt_lib_init_stdio_2                    0x0800016f   Thumb Code     0  libinit2.o(.ARM.Collect$$libinit$$00000026)
    __rt_lib_init_user_alloc_1               0x0800016f   Thumb Code     0  libinit2.o(.ARM.Collect$$libinit$$0000000E)
    __rt_lib_init_alloca_1                   0x08000173   Thumb Code     0  libinit2.o(.ARM.Collect$$libinit$$00000030)
    __rt_lib_init_argv_1                     0x08000173   Thumb Code     0  libinit2.o(.ARM.Collect$$libinit$$0000002E)
    __rt_lib_init_cpp_1                      0x08000173   Thumb Code     0  libinit2.o(.ARM.Collect$$libinit$$00000034)
    __rt_lib_init_exceptions_1               0x08000173   Thumb Code     0  libinit2.o(.ARM.Collect$$libinit$$00000032)
    __rt_lib_init_return                     0x08000173   Thumb Code     0  libinit2.o(.ARM.Collect$$libinit$$00000035)
    __rt_lib_init_stdio_1                    0x08000173   Thumb Code     0  libinit2.o(.ARM.Collect$$libinit$$00000027)
    __rt_lib_shutdown                        0x08000175   Thumb Code     0  libshutdown.o(.ARM.Collect$$libshutdown$$00000000)
    __rt_lib_shutdown_cpp_1                  0x08000177   Thumb Code     0  libshutdown2.o(.ARM.Collect$$libshutdown$$00000002)
    __rt_lib_shutdown_stdio_2                0x08000177   Thumb Code     0  libshutdown2.o(.ARM.Collect$$libshutdown$$00000003)
    __rt_lib_shutdown_fp_trap_1              0x0800017b   Thumb Code     0  libshutdown2.o(.ARM.Collect$$libshutdown$$00000007)
    __rt_lib_shutdown_heap_1                 0x0800017b   Thumb Code     0  libshutdown2.o(.ARM.Collect$$libshutdown$$0000000F)
    __rt_lib_shutdown_return                 0x0800017b   Thumb Code     0  libshutdown2.o(.ARM.Collect$$libshutdown$$00000010)
    __rt_lib_shutdown_signal_1               0x0800017b   Thumb Code     0  libshutdown2.o(.ARM.Collect$$libshutdown$$0000000A)
    __rt_lib_shutdown_stdio_1                0x0800017b   Thumb Code     0  libshutdown2.o(.ARM.Collect$$libshutdown$$00000004)
    __rt_lib_shutdown_user_alloc_1           0x0800017b   Thumb Code     0  libshutdown2.o(.ARM.Collect$$libshutdown$$0000000C)
    __rt_entry                               0x0800017d   Thumb Code     0  __rtentry.o(.ARM.Collect$$rtentry$$00000000)
    __rt_entry_presh_1                       0x0800017d   Thumb Code     0  __rtentry2.o(.ARM.Collect$$rtentry$$00000002)
    __rt_entry_sh                            0x0800017d   Thumb Code     0  __rtentry4.o(.ARM.Collect$$rtentry$$00000004)
    __rt_entry_li                            0x08000183   Thumb Code     0  __rtentry2.o(.ARM.Collect$$rtentry$$0000000A)
    __rt_entry_postsh_1                      0x08000183   Thumb Code     0  __rtentry2.o(.ARM.Collect$$rtentry$$00000009)
    __rt_entry_main                          0x08000187   Thumb Code     0  __rtentry2.o(.ARM.Collect$$rtentry$$0000000D)
    __rt_entry_postli_1                      0x08000187   Thumb Code     0  __rtentry2.o(.ARM.Collect$$rtentry$$0000000C)
    __rt_exit                                0x0800018f   Thumb Code     0  rtexit.o(.ARM.Collect$$rtexit$$00000000)
    __rt_exit_ls                             0x08000191   Thumb Code     0  rtexit2.o(.ARM.Collect$$rtexit$$00000003)
    __rt_exit_prels_1                        0x08000191   Thumb Code     0  rtexit2.o(.ARM.Collect$$rtexit$$00000002)
    __rt_exit_exit                           0x08000195   Thumb Code     0  rtexit2.o(.ARM.Collect$$rtexit$$00000004)
    Reset_Handler                            0x0800019d   Thumb Code     8  startup_stm32f051x8.o(.text)
    ADC1_COMP_IRQHandler                     0x080001af   Thumb Code     0  startup_stm32f051x8.o(.text)
    CEC_IRQHandler                           0x080001af   Thumb Code     0  startup_stm32f051x8.o(.text)
    DMA1_Channel1_IRQHandler                 0x080001af   Thumb Code     0  startup_stm32f051x8.o(.text)
    DMA1_Channel2_3_IRQHandler               0x080001af   Thumb Code     0  startup_stm32f051x8.o(.text)
    DMA1_Channel4_5_IRQHandler               0x080001af   Thumb Code     0  startup_stm32f051x8.o(.text)
    EXTI0_1_IRQHandler                       0x080001af   Thumb Code     0  startup_stm32f051x8.o(.text)
    EXTI2_3_IRQHandler                       0x080001af   Thumb Code     0  startup_stm32f051x8.o(.text)
    EXTI4_15_IRQHandler                      0x080001af   Thumb Code     0  startup_stm32f051x8.o(.text)
    FLASH_IRQHandler                         0x080001af   Thumb Code     0  startup_stm32f051x8.o(.text)
    I2C1_IRQHandler                          0x080001af   Thumb Code     0  startup_stm32f051x8.o(.text)
    I2C2_IRQHandler                          0x080001af   Thumb Code     0  startup_stm32f051x8.o(.text)
    PVD_IRQHandler                           0x080001af   Thumb Code     0  startup_stm32f051x8.o(.text)
    RCC_IRQHandler                           0x080001af   Thumb Code     0  startup_stm32f051x8.o(.text)
    RTC_IRQHandler                           0x080001af   Thumb Code     0  startup_stm32f051x8.o(.text)
    SPI1_IRQHandler                          0x080001af   Thumb Code     0  startup_stm32f051x8.o(.text)
    SPI2_IRQHandler                          0x080001af   Thumb Code     0  startup_stm32f051x8.o(.text)
    TIM14_IRQHandler                         0x080001af   Thumb Code     0  startup_stm32f051x8.o(.text)
    TIM15_IRQHandler                         0x080001af   Thumb Code     0  startup_stm32f051x8.o(.text)
    TIM16_IRQHandler                         0x080001af   Thumb Code     0  startup_stm32f051x8.o(.text)
    TIM17_IRQHandler                         0x080001af   Thumb Code     0  startup_stm32f051x8.o(.text)
    TIM1_BRK_UP_TRG_COM_IRQHandler           0x080001af   Thumb Code     0  startup_stm32f051x8.o(.text)
    TIM1_CC_IRQHandler                       0x080001af   Thumb Code     0  startup_stm32f051x8.o(.text)
    TIM2_IRQHandler                          0x080001af   Thumb Code     0  startup_stm32f051x8.o(.text)
    TIM3_IRQHandler                          0x080001af   Thumb Code     0  startup_stm32f051x8.o(.text)
    TIM6_DAC_IRQHandler                      0x080001af   Thumb Code     0  startup_stm32f051x8.o(.text)
    TSC_IRQHandler                           0x080001af   Thumb Code     0  startup_stm32f051x8.o(.text)
    USART1_IRQHandler                        0x080001af   Thumb Code     0  startup_stm32f051x8.o(.text)
    USART2_IRQHandler                        0x080001af   Thumb Code     0  startup_stm32f051x8.o(.text)
    WWDG_IRQHandler                          0x080001af   Thumb Code     0  startup_stm32f051x8.o(.text)
    __user_initial_stackheap                 0x080001b1   Thumb Code     0  startup_stm32f051x8.o(.text)
    __2printf                                0x080001d5   Thumb Code    22  noretval__2printf.o(.text)
    __printf                                 0x080001f1   Thumb Code   108  __printf.o(.text)
    _printf_int_hex                          0x0800025d   Thumb Code    84  _printf_hex_int.o(.text)
    _printf_longlong_hex                     0x0800025d   Thumb Code     0  _printf_hex_int.o(.text)
    _memset_w                                0x080002b5   Thumb Code    26  rt_memclr.o(.text)
    _memset                                  0x080002cf   Thumb Code    30  rt_memclr.o(.text)
    __aeabi_memclr                           0x080002ed   Thumb Code     4  rt_memclr.o(.text)
    __rt_memclr                              0x080002ed   Thumb Code     0  rt_memclr.o(.text)
    __aeabi_memclr4                          0x080002f1   Thumb Code     0  rt_memclr.o(.text)
    __aeabi_memclr8                          0x080002f1   Thumb Code     0  rt_memclr.o(.text)
    __rt_memclr_w                            0x080002f1   Thumb Code     4  rt_memclr.o(.text)
    __use_two_region_memory                  0x080002f5   Thumb Code     2  heapauxi.o(.text)
    __rt_heap_escrow                         0x080002f7   Thumb Code     2  heapauxi.o(.text)
    __rt_heap_expand                         0x080002f9   Thumb Code     2  heapauxi.o(.text)
    _printf_int_common                       0x080002fb   Thumb Code   176  _printf_intcommon.o(.text)
    _printf_char_file                        0x080003ad   Thumb Code    34  _printf_char_file.o(.text)
    _printf_char_common                      0x080003df   Thumb Code    32  _printf_char_common.o(.text)
    ferror                                   0x08000405   Thumb Code     8  ferror.o(.text)
    _initio                                  0x0800040d   Thumb Code   216  initio.o(.text)
    _terminateio                             0x080004e5   Thumb Code    56  initio.o(.text)
    __user_setup_stackheap                   0x08000549   Thumb Code    62  sys_stackheap_outer.o(.text)
    free                                     0x08000587   Thumb Code    76  h1_free.o(.text)
    __flsbuf                                 0x080005d5   Thumb Code   490  flsbuf.o(.text)
    __flsbuf_byte                            0x080005d5   Thumb Code     0  flsbuf.o(.text)
    __flsbuf_wide                            0x080005d5   Thumb Code     0  flsbuf.o(.text)
    setvbuf                                  0x080007c9   Thumb Code    72  setvbuf.o(.text)
    freopen                                  0x08000815   Thumb Code   154  fopen.o(.text)
    fopen                                    0x080008af   Thumb Code    76  fopen.o(.text)
    _fclose_internal                         0x08000905   Thumb Code    72  fclose.o(.text)
    fclose                                   0x08000905   Thumb Code     0  fclose.o(.text)
    exit                                     0x0800094d   Thumb Code    16  exit.o(.text)
    __rt_SIGRTRED                            0x0800095d   Thumb Code    12  defsig_rtred_outer.o(.text)
    _sys_open                                0x08000969   Thumb Code    20  sys_io.o(.text)
    _sys_close                               0x0800097d   Thumb Code    12  sys_io.o(.text)
    _sys_write                               0x08000989   Thumb Code    16  sys_io.o(.text)
    _sys_read                                0x08000999   Thumb Code    14  sys_io.o(.text)
    _sys_istty                               0x080009a7   Thumb Code    12  sys_io.o(.text)
    _sys_seek                                0x080009b3   Thumb Code    14  sys_io.o(.text)
    _sys_ensure                              0x080009c1   Thumb Code     2  sys_io.o(.text)
    _sys_flen                                0x080009c3   Thumb Code    12  sys_io.o(.text)
    __user_libspace                          0x080009d1   Thumb Code     8  libspace.o(.text)
    __user_perproc_libspace                  0x080009d1   Thumb Code     0  libspace.o(.text)
    __user_perthread_libspace                0x080009d1   Thumb Code     0  libspace.o(.text)
    __rt_heap_descriptor                     0x080009d9   Thumb Code     8  rt_heap_descriptor_intlibspace.o(.text)
    __use_no_heap                            0x080009e1   Thumb Code     2  hguard.o(.text)
    __heap$guard                             0x080009e3   Thumb Code     2  hguard.o(.text)
    _terminate_user_alloc                    0x080009e5   Thumb Code     2  init_alloc.o(.text)
    _init_user_alloc                         0x080009e7   Thumb Code     2  init_alloc.o(.text)
    __Heap_Full                              0x080009e9   Thumb Code    32  init_alloc.o(.text)
    __Heap_Broken                            0x08000a09   Thumb Code    10  init_alloc.o(.text)
    _init_alloc                              0x08000a13   Thumb Code    90  init_alloc.o(.text)
    malloc                                   0x08000a6d   Thumb Code    98  h1_alloc.o(.text)
    _fseek                                   0x08000ad1   Thumb Code   240  fseek.o(.text)
    fseek                                    0x08000ad1   Thumb Code     0  fseek.o(.text)
    _seterr                                  0x08000bc5   Thumb Code    20  stdio.o(.text)
    _writebuf                                0x08000bd9   Thumb Code    98  stdio.o(.text)
    _fflush                                  0x08000c3b   Thumb Code    76  stdio.o(.text)
    _deferredlazyseek                        0x08000c87   Thumb Code    60  stdio.o(.text)
    __sig_exit                               0x08000cd1   Thumb Code    12  defsig_exit.o(.text)
    __rt_SIGRTRED_inner                      0x08000cdd   Thumb Code    14  defsig_rtred_inner.o(.text)
    _sys_exit                                0x08000d11   Thumb Code     8  sys_exit.o(.text)
    __I$use$semihosting                      0x08000d1d   Thumb Code     0  use_no_semi.o(.text)
    __use_no_semihosting_swi                 0x08000d1d   Thumb Code     2  use_no_semi.o(.text)
    __Heap_Initialize                        0x08000d1f   Thumb Code     8  h1_init.o(.text)
    __semihosting_library_function           0x08000d1f   Thumb Code     0  indicate_semi.o(.text)
    _maybe_terminate_alloc                   0x08000d1f   Thumb Code     0  maybetermalloc1.o(.text)
    __Heap_DescSize                          0x08000d27   Thumb Code     4  h1_init.o(.text)
    __Heap_ProvideMemory                     0x08000d2b   Thumb Code    52  h1_extend.o(.text)
    _ftell_internal                          0x08000d5f   Thumb Code    66  ftell.o(.text)
    ftell                                    0x08000d5f   Thumb Code     0  ftell.o(.text)
    __default_signal_display                 0x08000da1   Thumb Code    52  defsig_general.o(.text)
    __rt_SIGRTMEM                            0x08000dd5   Thumb Code    12  defsig_rtmem_outer.o(.text)
    strlen                                   0x08000de1   Thumb Code    62  strlen.o(.text)
    _ttywrch                                 0x08000e25   Thumb Code    12  sys_wrch.o(.text)
    __aeabi_errno_addr                       0x08000e31   Thumb Code     8  rt_errno_addr_intlibspace.o(.text)
    __errno$intlibspace                      0x08000e31   Thumb Code     0  rt_errno_addr_intlibspace.o(.text)
    __rt_errno_addr$intlibspace              0x08000e31   Thumb Code     0  rt_errno_addr_intlibspace.o(.text)
    __rt_SIGRTMEM_inner                      0x08000e39   Thumb Code    22  defsig_rtmem_inner.o(.text)
    HAL_GPIO_Init                            0x08000e89   Thumb Code   424  stm32f0xx_hal_gpio.o(.text.HAL_GPIO_Init)
    HAL_GPIO_WritePin                        0x08001045   Thumb Code    16  stm32f0xx_hal_gpio.o(.text.HAL_GPIO_WritePin)
    HAL_GetTick                              0x08001055   Thumb Code     8  stm32f0xx_hal.o(.text.HAL_GetTick)
    HAL_IncTick                              0x0800105d   Thumb Code    16  stm32f0xx_hal.o(.text.HAL_IncTick)
    HAL_Init                                 0x08001071   Thumb Code    28  stm32f0xx_hal.o(.text.HAL_Init)
    HAL_InitTick                             0x0800108d   Thumb Code    60  stm32f0xx_hal.o(.text.HAL_InitTick)
    HAL_MspInit                              0x080010cd   Thumb Code    40  stm32f0xx_hal_msp.o(.text.HAL_MspInit)
    HAL_NVIC_SetPriority                     0x080010f9   Thumb Code    48  stm32f0xx_hal_cortex.o(.text.HAL_NVIC_SetPriority)
    HAL_RCCEx_PeriphCLKConfig                0x08001131   Thumb Code   272  stm32f0xx_hal_rcc_ex.o(.text.HAL_RCCEx_PeriphCLKConfig)
    HAL_RCC_ClockConfig                      0x0800124d   Thumb Code   312  stm32f0xx_hal_rcc.o(.text.HAL_RCC_ClockConfig)
    HAL_RCC_GetPCLK1Freq                     0x08001391   Thumb Code    20  stm32f0xx_hal_rcc.o(.text.HAL_RCC_GetPCLK1Freq)
    HAL_RCC_GetSysClockFreq                  0x080013ad   Thumb Code    56  stm32f0xx_hal_rcc.o(.text.HAL_RCC_GetSysClockFreq)
    HAL_RCC_OscConfig                        0x080013f9   Thumb Code  1000  stm32f0xx_hal_rcc.o(.text.HAL_RCC_OscConfig)
    HAL_SYSTICK_Config                       0x080017ed   Thumb Code    40  stm32f0xx_hal_cortex.o(.text.HAL_SYSTICK_Config)
    HAL_UART_Init                            0x08001821   Thumb Code   110  stm32f0xx_hal_uart.o(.text.HAL_UART_Init)
    HAL_UART_MspInit                         0x08001891   Thumb Code    84  stm32f0xx_hal_msp.o(.text.HAL_UART_MspInit)
    HardFault_Handler                        0x080018e9   Thumb Code     2  stm32f0xx_it.o(.text.HardFault_Handler)
    NMI_Handler                              0x080018eb   Thumb Code     2  stm32f0xx_it.o(.text.NMI_Handler)
    PendSV_Handler                           0x080018ed   Thumb Code     2  stm32f0xx_it.o(.text.PendSV_Handler)
    SVC_Handler                              0x080018ef   Thumb Code     2  stm32f0xx_it.o(.text.SVC_Handler)
    SysTick_Handler                          0x080018f1   Thumb Code     8  stm32f0xx_it.o(.text.SysTick_Handler)
    SystemInit                               0x080018f9   Thumb Code     2  system_stm32f0xx.o(.text.SystemInit)
    UART_AdvFeatureConfig                    0x080018fb   Thumb Code   210  stm32f0xx_hal_uart.o(.text.UART_AdvFeatureConfig)
    UART_CheckIdleState                      0x080019cd   Thumb Code   192  stm32f0xx_hal_uart.o(.text.UART_CheckIdleState)
    UART_SetConfig                           0x08001a91   Thumb Code   260  stm32f0xx_hal_uart.o(.text.UART_SetConfig)
    UART_WaitOnFlagUntilTimeout              0x08001bbd   Thumb Code   418  stm32f0xx_hal_uart.o(.text.UART_WaitOnFlagUntilTimeout)
    main                                     0x08001d61   Thumb Code   236  main.o(.text.main)
    __aeabi_uidiv                            0x08001e6d   Thumb Code    68  aeabi_sdivfast.o(.text_divfast)
    __aeabi_idiv                             0x08001eb1   Thumb Code   434  aeabi_sdivfast.o(.text_divfast)
    fputc                                    0x08002063   Thumb Code    32  fputc.o(i.fputc)
    __stdin_name                             0x080020aa   Data           4  sys_io_names.o(.constdata)
    __stdout_name                            0x080020ae   Data           4  sys_io_names.o(.constdata)
    __stderr_name                            0x080020b2   Data           4  sys_io_names.o(.constdata)
    AHBPrescTable                            0x080020b6   Data          16  system_stm32f0xx.o(.rodata.AHBPrescTable)
    APBPrescTable                            0x080020c6   Data           8  system_stm32f0xx.o(.rodata.APBPrescTable)
    Region$$Table$$Base                      0x080020f0   Number         0  anon$$obj.o(Region$$Table)
    Region$$Table$$Limit                     0x08002110   Number         0  anon$$obj.o(Region$$Table)
    __aeabi_stdin                            0x20000000   Data           4  stdio_streams.o(.data)
    __aeabi_stdout                           0x20000004   Data           4  stdio_streams.o(.data)
    __aeabi_stderr                           0x20000008   Data           4  stdio_streams.o(.data)
    uwTickFreq                               0x2000000c   Data           1  stm32f0xx_hal.o(.data..L_MergedGlobals)
    uwTickPrio                               0x20000010   Data           4  stm32f0xx_hal.o(.data..L_MergedGlobals)
    SystemCoreClock                          0x20000014   Data           4  system_stm32f0xx.o(.data.SystemCoreClock)
    __stdin                                  0x20000018   Data          84  stdio_streams.o(.bss)
    __stdout                                 0x2000006c   Data          84  stdio_streams.o(.bss)
    __stderr                                 0x200000c0   Data          84  stdio_streams.o(.bss)
    __libspace_start                         0x20000114   Data          96  libspace.o(.bss)
    __temporary_stack_top$libspace           0x20000174   Data           0  libspace.o(.bss)
    huart1                                   0x20000174   Data         136  main.o(.bss.huart1)
    uwTick                                   0x200001fc   Data           4  stm32f0xx_hal.o(.bss.uwTick)



==============================================================================

Memory Map of the image

  Image Entry point : 0x080000bd

  Load Region LR_IROM1 (Base: 0x08000000, Size: 0x00002128, Max: 0x00010000, ABSOLUTE)

    Execution Region ER_IROM1 (Exec base: 0x08000000, Load base: 0x08000000, Size: 0x00002110, Max: 0x00010000, ABSOLUTE)

    Exec Addr    Load Addr    Size         Type   Attr      Idx    E Section Name        Object

    0x08000000   0x08000000   0x000000bc   Data   RO            3    RESET               startup_stm32f051x8.o
    0x080000bc   0x080000bc   0x00000008   Code   RO          807  * !!!main             c_p.l(__main.o)
    0x080000c4   0x080000c4   0x00000054   Code   RO         1176    !!!scatter          c_p.l(__scatter.o)
    0x08000118   0x08000118   0x0000001a   Code   RO         1180    !!handler_copy      c_p.l(__scatter_copy.o)
    0x08000132   0x08000132   0x00000002   PAD
    0x08000134   0x08000134   0x00000002   Code   RO         1177    !!handler_null      c_p.l(__scatter.o)
    0x08000136   0x08000136   0x00000002   PAD
    0x08000138   0x08000138   0x0000001c   Code   RO         1182    !!handler_zi        c_p.l(__scatter_zi.o)
    0x08000154   0x08000154   0x00000002   Code   RO          794    .ARM.Collect$$_printf_percent$$00000000  c_p.l(_printf_percent.o)
    0x08000156   0x08000156   0x0000000a   Code   RO          793    .ARM.Collect$$_printf_percent$$0000000C  c_p.l(_printf_x.o)
    0x08000160   0x08000160   0x00000004   Code   RO          818    .ARM.Collect$$_printf_percent$$00000017  c_p.l(_printf_percent_end.o)
    0x08000164   0x08000164   0x00000002   Code   RO          952    .ARM.Collect$$libinit$$00000000  c_p.l(libinit.o)
    0x08000166   0x08000166   0x00000000   Code   RO          954    .ARM.Collect$$libinit$$00000002  c_p.l(libinit2.o)
    0x08000166   0x08000166   0x00000000   Code   RO          956    .ARM.Collect$$libinit$$00000004  c_p.l(libinit2.o)
    0x08000166   0x08000166   0x00000000   Code   RO          958    .ARM.Collect$$libinit$$00000006  c_p.l(libinit2.o)
    0x08000166   0x08000166   0x00000008   Code   RO          959    .ARM.Collect$$libinit$$00000007  c_p.l(libinit2.o)
    0x0800016e   0x0800016e   0x00000000   Code   RO          961    .ARM.Collect$$libinit$$0000000C  c_p.l(libinit2.o)
    0x0800016e   0x0800016e   0x00000000   Code   RO          963    .ARM.Collect$$libinit$$0000000E  c_p.l(libinit2.o)
    0x0800016e   0x0800016e   0x00000000   Code   RO          965    .ARM.Collect$$libinit$$00000010  c_p.l(libinit2.o)
    0x0800016e   0x0800016e   0x00000000   Code   RO          968    .ARM.Collect$$libinit$$00000013  c_p.l(libinit2.o)
    0x0800016e   0x0800016e   0x00000000   Code   RO          970    .ARM.Collect$$libinit$$00000015  c_p.l(libinit2.o)
    0x0800016e   0x0800016e   0x00000000   Code   RO          972    .ARM.Collect$$libinit$$00000017  c_p.l(libinit2.o)
    0x0800016e   0x0800016e   0x00000000   Code   RO          974    .ARM.Collect$$libinit$$00000019  c_p.l(libinit2.o)
    0x0800016e   0x0800016e   0x00000000   Code   RO          976    .ARM.Collect$$libinit$$0000001B  c_p.l(libinit2.o)
    0x0800016e   0x0800016e   0x00000000   Code   RO          978    .ARM.Collect$$libinit$$0000001D  c_p.l(libinit2.o)
    0x0800016e   0x0800016e   0x00000000   Code   RO          980    .ARM.Collect$$libinit$$0000001F  c_p.l(libinit2.o)
    0x0800016e   0x0800016e   0x00000000   Code   RO          982    .ARM.Collect$$libinit$$00000021  c_p.l(libinit2.o)
    0x0800016e   0x0800016e   0x00000000   Code   RO          984    .ARM.Collect$$libinit$$00000023  c_p.l(libinit2.o)
    0x0800016e   0x0800016e   0x00000000   Code   RO          986    .ARM.Collect$$libinit$$00000025  c_p.l(libinit2.o)
    0x0800016e   0x0800016e   0x00000004   Code   RO          987    .ARM.Collect$$libinit$$00000026  c_p.l(libinit2.o)
    0x08000172   0x08000172   0x00000000   Code   RO          988    .ARM.Collect$$libinit$$00000027  c_p.l(libinit2.o)
    0x08000172   0x08000172   0x00000000   Code   RO          992    .ARM.Collect$$libinit$$0000002E  c_p.l(libinit2.o)
    0x08000172   0x08000172   0x00000000   Code   RO          994    .ARM.Collect$$libinit$$00000030  c_p.l(libinit2.o)
    0x08000172   0x08000172   0x00000000   Code   RO          996    .ARM.Collect$$libinit$$00000032  c_p.l(libinit2.o)
    0x08000172   0x08000172   0x00000000   Code   RO          998    .ARM.Collect$$libinit$$00000034  c_p.l(libinit2.o)
    0x08000172   0x08000172   0x00000002   Code   RO          999    .ARM.Collect$$libinit$$00000035  c_p.l(libinit2.o)
    0x08000174   0x08000174   0x00000002   Code   RO         1157    .ARM.Collect$$libshutdown$$00000000  c_p.l(libshutdown.o)
    0x08000176   0x08000176   0x00000000   Code   RO         1001    .ARM.Collect$$libshutdown$$00000002  c_p.l(libshutdown2.o)
    0x08000176   0x08000176   0x00000004   Code   RO         1002    .ARM.Collect$$libshutdown$$00000003  c_p.l(libshutdown2.o)
    0x0800017a   0x0800017a   0x00000000   Code   RO         1003    .ARM.Collect$$libshutdown$$00000004  c_p.l(libshutdown2.o)
    0x0800017a   0x0800017a   0x00000000   Code   RO         1006    .ARM.Collect$$libshutdown$$00000007  c_p.l(libshutdown2.o)
    0x0800017a   0x0800017a   0x00000000   Code   RO         1009    .ARM.Collect$$libshutdown$$0000000A  c_p.l(libshutdown2.o)
    0x0800017a   0x0800017a   0x00000000   Code   RO         1011    .ARM.Collect$$libshutdown$$0000000C  c_p.l(libshutdown2.o)
    0x0800017a   0x0800017a   0x00000000   Code   RO         1014    .ARM.Collect$$libshutdown$$0000000F  c_p.l(libshutdown2.o)
    0x0800017a   0x0800017a   0x00000002   Code   RO         1015    .ARM.Collect$$libshutdown$$00000010  c_p.l(libshutdown2.o)
    0x0800017c   0x0800017c   0x00000000   Code   RO          809    .ARM.Collect$$rtentry$$00000000  c_p.l(__rtentry.o)
    0x0800017c   0x0800017c   0x00000000   Code   RO          826    .ARM.Collect$$rtentry$$00000002  c_p.l(__rtentry2.o)
    0x0800017c   0x0800017c   0x00000006   Code   RO          838    .ARM.Collect$$rtentry$$00000004  c_p.l(__rtentry4.o)
    0x08000182   0x08000182   0x00000000   Code   RO          828    .ARM.Collect$$rtentry$$00000009  c_p.l(__rtentry2.o)
    0x08000182   0x08000182   0x00000004   Code   RO          829    .ARM.Collect$$rtentry$$0000000A  c_p.l(__rtentry2.o)
    0x08000186   0x08000186   0x00000000   Code   RO          831    .ARM.Collect$$rtentry$$0000000C  c_p.l(__rtentry2.o)
    0x08000186   0x08000186   0x00000008   Code   RO          832    .ARM.Collect$$rtentry$$0000000D  c_p.l(__rtentry2.o)
    0x0800018e   0x0800018e   0x00000002   Code   RO         1026    .ARM.Collect$$rtexit$$00000000  c_p.l(rtexit.o)
    0x08000190   0x08000190   0x00000000   Code   RO         1089    .ARM.Collect$$rtexit$$00000002  c_p.l(rtexit2.o)
    0x08000190   0x08000190   0x00000004   Code   RO         1090    .ARM.Collect$$rtexit$$00000003  c_p.l(rtexit2.o)
    0x08000194   0x08000194   0x00000006   Code   RO         1091    .ARM.Collect$$rtexit$$00000004  c_p.l(rtexit2.o)
    0x0800019a   0x0800019a   0x00000002   PAD
    0x0800019c   0x0800019c   0x00000038   Code   RO            4    .text               startup_stm32f051x8.o
    0x080001d4   0x080001d4   0x0000001c   Code   RO          748    .text               c_p.l(noretval__2printf.o)
    0x080001f0   0x080001f0   0x0000006c   Code   RO          750    .text               c_p.l(__printf.o)
    0x0800025c   0x0800025c   0x00000058   Code   RO          755    .text               c_p.l(_printf_hex_int.o)
    0x080002b4   0x080002b4   0x00000040   Code   RO          795    .text               c_p.l(rt_memclr.o)
    0x080002f4   0x080002f4   0x00000006   Code   RO          805    .text               c_p.l(heapauxi.o)
    0x080002fa   0x080002fa   0x000000b0   Code   RO          814    .text               c_p.l(_printf_intcommon.o)
    0x080003aa   0x080003aa   0x00000002   PAD
    0x080003ac   0x080003ac   0x00000028   Code   RO          816    .text               c_p.l(_printf_char_file.o)
    0x080003d4   0x080003d4   0x00000030   Code   RO          842    .text               c_p.l(_printf_char_common.o)
    0x08000404   0x08000404   0x00000008   Code   RO          844    .text               c_p.l(ferror.o)
    0x0800040c   0x0800040c   0x0000013c   Code   RO          850    .text               c_p.l(initio.o)
    0x08000548   0x08000548   0x0000003e   Code   RO          863    .text               c_p.l(sys_stackheap_outer.o)
    0x08000586   0x08000586   0x0000004c   Code   RO          868    .text               c_p.l(h1_free.o)
    0x080005d2   0x080005d2   0x00000002   PAD
    0x080005d4   0x080005d4   0x000001f4   Code   RO          924    .text               c_p.l(flsbuf.o)
    0x080007c8   0x080007c8   0x0000004c   Code   RO          926    .text               c_p.l(setvbuf.o)
    0x08000814   0x08000814   0x000000f0   Code   RO          929    .text               c_p.l(fopen.o)
    0x08000904   0x08000904   0x00000048   Code   RO          931    .text               c_p.l(fclose.o)
    0x0800094c   0x0800094c   0x00000010   Code   RO          937    .text               c_p.l(exit.o)
    0x0800095c   0x0800095c   0x0000000c   Code   RO          943    .text               c_p.l(defsig_rtred_outer.o)
    0x08000968   0x08000968   0x00000066   Code   RO         1018    .text               c_p.l(sys_io.o)
    0x080009ce   0x080009ce   0x00000002   PAD
    0x080009d0   0x080009d0   0x00000008   Code   RO         1022    .text               c_p.l(libspace.o)
    0x080009d8   0x080009d8   0x00000008   Code   RO         1033    .text               c_p.l(rt_heap_descriptor_intlibspace.o)
    0x080009e0   0x080009e0   0x00000004   Code   RO         1035    .text               c_p.l(hguard.o)
    0x080009e4   0x080009e4   0x00000088   Code   RO         1037    .text               c_p.l(init_alloc.o)
    0x08000a6c   0x08000a6c   0x00000062   Code   RO         1043    .text               c_p.l(h1_alloc.o)
    0x08000ace   0x08000ace   0x00000002   PAD
    0x08000ad0   0x08000ad0   0x000000f4   Code   RO         1057    .text               c_p.l(fseek.o)
    0x08000bc4   0x08000bc4   0x0000010c   Code   RO         1059    .text               c_p.l(stdio.o)
    0x08000cd0   0x08000cd0   0x0000000c   Code   RO         1065    .text               c_p.l(defsig_exit.o)
    0x08000cdc   0x08000cdc   0x00000034   Code   RO         1069    .text               c_p.l(defsig_rtred_inner.o)
    0x08000d10   0x08000d10   0x0000000c   Code   RO         1081    .text               c_p.l(sys_exit.o)
    0x08000d1c   0x08000d1c   0x00000002   Code   RO         1085    .text               c_p.l(use_no_semi.o)
    0x08000d1e   0x08000d1e   0x00000000   Code   RO         1087    .text               c_p.l(indicate_semi.o)
    0x08000d1e   0x08000d1e   0x00000000   Code   RO         1095    .text               c_p.l(maybetermalloc1.o)
    0x08000d1e   0x08000d1e   0x0000000c   Code   RO         1097    .text               c_p.l(h1_init.o)
    0x08000d2a   0x08000d2a   0x00000034   Code   RO         1099    .text               c_p.l(h1_extend.o)
    0x08000d5e   0x08000d5e   0x00000042   Code   RO         1109    .text               c_p.l(ftell.o)
    0x08000da0   0x08000da0   0x00000034   Code   RO         1117    .text               c_p.l(defsig_general.o)
    0x08000dd4   0x08000dd4   0x0000000c   Code   RO         1119    .text               c_p.l(defsig_rtmem_outer.o)
    0x08000de0   0x08000de0   0x00000044   Code   RO         1123    .text               c_p.l(strlen.o)
    0x08000e24   0x08000e24   0x0000000c   Code   RO         1134    .text               c_p.l(sys_wrch.o)
    0x08000e30   0x08000e30   0x00000008   Code   RO         1145    .text               c_p.l(rt_errno_addr_intlibspace.o)
    0x08000e38   0x08000e38   0x00000050   Code   RO         1151    .text               c_p.l(defsig_rtmem_inner.o)
    0x08000e88   0x08000e88   0x000001bc   Code   RO          509    .text.HAL_GPIO_Init  stm32f0xx_hal_gpio.o
    0x08001044   0x08001044   0x00000010   Code   RO          515    .text.HAL_GPIO_WritePin  stm32f0xx_hal_gpio.o
    0x08001054   0x08001054   0x00000008   Code   RO          291    .text.HAL_GetTick   stm32f0xx_hal.o
    0x0800105c   0x0800105c   0x00000014   Code   RO          289    .text.HAL_IncTick   stm32f0xx_hal.o
    0x08001070   0x08001070   0x0000001c   Code   RO          279    .text.HAL_Init      stm32f0xx_hal.o
    0x0800108c   0x0800108c   0x00000040   Code   RO          281    .text.HAL_InitTick  stm32f0xx_hal.o
    0x080010cc   0x080010cc   0x0000002c   Code   RO           52    .text.HAL_MspInit   stm32f0xx_hal_msp.o
    0x080010f8   0x080010f8   0x00000038   Code   RO          565    .text.HAL_NVIC_SetPriority  stm32f0xx_hal_cortex.o
    0x08001130   0x08001130   0x0000011c   Code   RO          265    .text.HAL_RCCEx_PeriphCLKConfig  stm32f0xx_hal_rcc_ex.o
    0x0800124c   0x0800124c   0x00000144   Code   RO          234    .text.HAL_RCC_ClockConfig  stm32f0xx_hal_rcc.o
    0x08001390   0x08001390   0x0000001c   Code   RO          246    .text.HAL_RCC_GetPCLK1Freq  stm32f0xx_hal_rcc.o
    0x080013ac   0x080013ac   0x0000004c   Code   RO          236    .text.HAL_RCC_GetSysClockFreq  stm32f0xx_hal_rcc.o
    0x080013f8   0x080013f8   0x000003f4   Code   RO          232    .text.HAL_RCC_OscConfig  stm32f0xx_hal_rcc.o
    0x080017ec   0x080017ec   0x00000034   Code   RO          573    .text.HAL_SYSTICK_Config  stm32f0xx_hal_cortex.o
    0x08001820   0x08001820   0x0000006e   Code   RO           68    .text.HAL_UART_Init  stm32f0xx_hal_uart.o
    0x0800188e   0x0800188e   0x00000002   PAD
    0x08001890   0x08001890   0x00000058   Code   RO           54    .text.HAL_UART_MspInit  stm32f0xx_hal_msp.o
    0x080018e8   0x080018e8   0x00000002   Code   RO           37    .text.HardFault_Handler  stm32f0xx_it.o
    0x080018ea   0x080018ea   0x00000002   Code   RO           35    .text.NMI_Handler   stm32f0xx_it.o
    0x080018ec   0x080018ec   0x00000002   Code   RO           41    .text.PendSV_Handler  stm32f0xx_it.o
    0x080018ee   0x080018ee   0x00000002   Code   RO           39    .text.SVC_Handler   stm32f0xx_it.o
    0x080018f0   0x080018f0   0x00000008   Code   RO           43    .text.SysTick_Handler  stm32f0xx_it.o
    0x080018f8   0x080018f8   0x00000002   Code   RO          728    .text.SystemInit    system_stm32f0xx.o
    0x080018fa   0x080018fa   0x000000d2   Code   RO           74    .text.UART_AdvFeatureConfig  stm32f0xx_hal_uart.o
    0x080019cc   0x080019cc   0x000000c4   Code   RO           76    .text.UART_CheckIdleState  stm32f0xx_hal_uart.o
    0x08001a90   0x08001a90   0x0000012c   Code   RO           72    .text.UART_SetConfig  stm32f0xx_hal_uart.o
    0x08001bbc   0x08001bbc   0x000001a2   Code   RO           90    .text.UART_WaitOnFlagUntilTimeout  stm32f0xx_hal_uart.o
    0x08001d5e   0x08001d5e   0x00000002   PAD
    0x08001d60   0x08001d60   0x0000010c   Code   RO           19    .text.main          main.o
    0x08001e6c   0x08001e6c   0x000001f6   Code   RO          798    .text_divfast       c_p.l(aeabi_sdivfast.o)
    0x08002062   0x08002062   0x00000020   Code   RO          847    i.fputc             c_p.l(fputc.o)
    0x08002082   0x08002082   0x00000028   Data   RO          756    .constdata          c_p.l(_printf_hex_int.o)
    0x080020aa   0x080020aa   0x00000004   Data   RO          858    .constdata          c_p.l(sys_io_names.o)
    0x080020ae   0x080020ae   0x00000004   Data   RO          859    .constdata          c_p.l(sys_io_names.o)
    0x080020b2   0x080020b2   0x00000004   Data   RO          860    .constdata          c_p.l(sys_io_names.o)
    0x080020b6   0x080020b6   0x00000010   Data   RO          733    .rodata.AHBPrescTable  system_stm32f0xx.o
    0x080020c6   0x080020c6   0x00000008   Data   RO          734    .rodata.APBPrescTable  system_stm32f0xx.o
    0x080020ce   0x080020ce   0x00000020   Data   RO          256    .rodata.cst16       stm32f0xx_hal_rcc.o
    0x080020ee   0x080020ee   0x00000002   PAD
    0x080020f0   0x080020f0   0x00000020   Data   RO         1175    Region$$Table       anon$$obj.o


    Execution Region RW_IRAM1 (Exec base: 0x20000000, Load base: 0x08002110, Size: 0x00000800, Max: 0x00002000, ABSOLUTE)

    Exec Addr    Load Addr    Size         Type   Attr      Idx    E Section Name        Object

    0x20000000   0x08002110   0x00000004   Data   RW          822    .data               c_p.l(stdio_streams.o)
    0x20000004   0x08002114   0x00000004   Data   RW          823    .data               c_p.l(stdio_streams.o)
    0x20000008   0x08002118   0x00000004   Data   RW          824    .data               c_p.l(stdio_streams.o)
    0x2000000c   0x0800211c   0x00000008   Data   RW          326    .data..L_MergedGlobals  stm32f0xx_hal.o
    0x20000014   0x08002124   0x00000004   Data   RW          732    .data.SystemCoreClock  system_stm32f0xx.o
    0x20000018        -       0x00000054   Zero   RW          819    .bss                c_p.l(stdio_streams.o)
    0x2000006c        -       0x00000054   Zero   RW          820    .bss                c_p.l(stdio_streams.o)
    0x200000c0        -       0x00000054   Zero   RW          821    .bss                c_p.l(stdio_streams.o)
    0x20000114        -       0x00000060   Zero   RW         1023    .bss                c_p.l(libspace.o)
    0x20000174        -       0x00000088   Zero   RW           25    .bss.huart1         main.o
    0x200001fc        -       0x00000004   Zero   RW          325    .bss.uwTick         stm32f0xx_hal.o
    0x20000200        -       0x00000200   Zero   RW            2    HEAP                startup_stm32f051x8.o
    0x20000400        -       0x00000400   Zero   RW            1    STACK               startup_stm32f051x8.o


==============================================================================

Image component sizes


      Code (inc. data)   RO Data    RW Data    ZI Data      Debug   Object Name

       268         32          0          0        136       8583   main.o
        56         26        188          0       1536        660   startup_stm32f051x8.o
       120          8          0          8          4       5374   stm32f0xx_hal.o
       108         20          0          0          0       5510   stm32f0xx_hal_cortex.o
       460         20          0          0          0       5016   stm32f0xx_hal_gpio.o
       132          8          0          0          0       4850   stm32f0xx_hal_msp.o
      1440         52         32          0          0       7912   stm32f0xx_hal_rcc.o
       284         12          0          0          0       3242   stm32f0xx_hal_rcc_ex.o
      1234         64          0          0          0      40960   stm32f0xx_hal_uart.o
        16          0          0          0          0        732   stm32f0xx_it.o
         2          0         24          4          0       1830   system_stm32f0xx.o

    ----------------------------------------------------------------------
      4124        242        278         12       1676      84669   Object Totals
         0          0         32          0          0          0   (incl. Generated)
         4          0          2          0          0          0   (incl. Padding)

    ----------------------------------------------------------------------

      Code (inc. data)   RO Data    RW Data    ZI Data      Debug   Library Member Name

         8          0          0          0          0         68   __main.o
       108          0          0          0          0         76   __printf.o
         0          0          0          0          0          0   __rtentry.o
        12          0          0          0          0          0   __rtentry2.o
         6          0          0          0          0          0   __rtentry4.o
        86         10          0          0          0          0   __scatter.o
        26          0          0          0          0          0   __scatter_copy.o
        28          0          0          0          0          0   __scatter_zi.o
        48          6          0          0          0         88   _printf_char_common.o
        40          6          0          0          0         72   _printf_char_file.o
        88          4         40          0          0         72   _printf_hex_int.o
       176          0          0          0          0         84   _printf_intcommon.o
         2          0          0          0          0          0   _printf_percent.o
         4          0          0          0          0          0   _printf_percent_end.o
        10          0          0          0          0          0   _printf_x.o
       502          0          0          0          0         92   aeabi_sdivfast.o
        12          0          0          0          0         68   defsig_exit.o
        52          0          0          0          0         72   defsig_general.o
        80         58          0          0          0         68   defsig_rtmem_inner.o
        12          0          0          0          0         68   defsig_rtmem_outer.o
        52         38          0          0          0         68   defsig_rtred_inner.o
        12          0          0          0          0         68   defsig_rtred_outer.o
        16          0          0          0          0         68   exit.o
        72          0          0          0          0         76   fclose.o
         8          0          0          0          0         60   ferror.o
       500         10          0          0          0         76   flsbuf.o
       240         10          0          0          0        108   fopen.o
        32          0          0          0          0         68   fputc.o
       244          4          0          0          0         76   fseek.o
        66          0          0          0          0         68   ftell.o
        98          0          0          0          0         72   h1_alloc.o
        52          0          0          0          0         68   h1_extend.o
        76          0          0          0          0         72   h1_free.o
        12          0          0          0          0         76   h1_init.o
         6          0          0          0          0        136   heapauxi.o
         4          0          0          0          0        120   hguard.o
         0          0          0          0          0          0   indicate_semi.o
       136          0          0          0          0        160   init_alloc.o
       316         44          0          0          0         96   initio.o
         2          0          0          0          0          0   libinit.o
        14          0          0          0          0          0   libinit2.o
         2          0          0          0          0          0   libshutdown.o
         6          0          0          0          0          0   libshutdown2.o
         8          4          0          0         96         68   libspace.o
         0          0          0          0          0          0   maybetermalloc1.o
        28          6          0          0          0         84   noretval__2printf.o
         8          4          0          0          0         68   rt_errno_addr_intlibspace.o
         8          4          0          0          0         68   rt_heap_descriptor_intlibspace.o
        64          0          0          0          0        108   rt_memclr.o
         2          0          0          0          0          0   rtexit.o
        10          0          0          0          0          0   rtexit2.o
        76          4          0          0          0         72   setvbuf.o
       268         14          0          0          0        152   stdio.o
         0          0          0         12        252          0   stdio_streams.o
        68          6          0          0          0         72   strlen.o
        12          4          0          0          0         60   sys_exit.o
       102          0          0          0          0        232   sys_io.o
         0          0         12          0          0          0   sys_io_names.o
        62          0          0          0          0         80   sys_stackheap_outer.o
        12          0          0          0          0         68   sys_wrch.o
         2          0          0          0          0         68   use_no_semi.o

    ----------------------------------------------------------------------
      4010        236         52         12        348       3564   Library Totals
        14          0          0          0          0          0   (incl. Padding)

    ----------------------------------------------------------------------

      Code (inc. data)   RO Data    RW Data    ZI Data      Debug   Library Name

      3996        236         52         12        348       3564   c_p.l

    ----------------------------------------------------------------------
      4010        236         52         12        348       3564   Library Totals

    ----------------------------------------------------------------------

==============================================================================


      Code (inc. data)   RO Data    RW Data    ZI Data      Debug   

      8134        478        330         24       2024      86421   Grand Totals
      8134        478        330         24       2024      86421   ELF Image Totals
      8134        478        330         24          0          0   ROM Totals

==============================================================================

    Total RO  Size (Code + RO Data)                 8464 (   8.27kB)
    Total RW  Size (RW Data + ZI Data)              2048 (   2.00kB)
    Total ROM Size (Code + RO Data + RW Data)       8488 (   8.29kB)

==============================================================================

